<?xml version="1.0"?>
<link_info>
   <banner>TMS320C6x Linker PC v7.4.4</banner>
   <copyright>Copyright (c) 1996-2013 Texas Instruments Incorporated</copyright>
   <link_time>0x6828a367</link_time>
   <output_file>Image_exposure.out</output_file>
   <entry_point>
      <name>_c_int00</name>
      <address>0xc0807ae0</address>
   </entry_point>
   <input_file_list>
      <input_file id="fl-2">
         <path>.\</path>
         <kind>object</kind>
         <file>process_pixels_dblexp_asm.obj</file>
         <name>process_pixels_dblexp_asm.obj</name>
      </input_file>
      <input_file id="fl-3">
         <path>.\</path>
         <kind>object</kind>
         <file>main.obj</file>
         <name>main.obj</name>
      </input_file>
      <input_file id="fl-4">
         <path>.\</path>
         <kind>object</kind>
         <file>RGB2RGB.obj</file>
         <name>RGB2RGB.obj</name>
      </input_file>
      <input_file id="fl-5">
         <path>.\</path>
         <kind>object</kind>
         <file>ImageDoubleExposure.obj</file>
         <name>ImageDoubleExposure.obj</name>
      </input_file>
      <input_file id="fl-6">
         <path>.\</path>
         <kind>object</kind>
         <file>DoubleExposureCore.obj</file>
         <name>DoubleExposureCore.obj</name>
      </input_file>
      <input_file id="fl-81">
         <path>D:\CCS\ccs_5.5\ccsv5\tools\compiler\c6000_7.4.4\lib\</path>
         <kind>archive</kind>
         <file>rts6740.lib</file>
         <name>boot.obj</name>
      </input_file>
      <input_file id="fl-82">
         <path>D:\CCS\ccs_5.5\ccsv5\tools\compiler\c6000_7.4.4\lib\</path>
         <kind>archive</kind>
         <file>rts6740.lib</file>
         <name>clock.obj</name>
      </input_file>
      <input_file id="fl-83">
         <path>D:\CCS\ccs_5.5\ccsv5\tools\compiler\c6000_7.4.4\lib\</path>
         <kind>archive</kind>
         <file>rts6740.lib</file>
         <name>exit.obj</name>
      </input_file>
      <input_file id="fl-84">
         <path>D:\CCS\ccs_5.5\ccsv5\tools\compiler\c6000_7.4.4\lib\</path>
         <kind>archive</kind>
         <file>rts6740.lib</file>
         <name>fclose.obj</name>
      </input_file>
      <input_file id="fl-85">
         <path>D:\CCS\ccs_5.5\ccsv5\tools\compiler\c6000_7.4.4\lib\</path>
         <kind>archive</kind>
         <file>rts6740.lib</file>
         <name>fflush.obj</name>
      </input_file>
      <input_file id="fl-86">
         <path>D:\CCS\ccs_5.5\ccsv5\tools\compiler\c6000_7.4.4\lib\</path>
         <kind>archive</kind>
         <file>rts6740.lib</file>
         <name>fopen.obj</name>
      </input_file>
      <input_file id="fl-87">
         <path>D:\CCS\ccs_5.5\ccsv5\tools\compiler\c6000_7.4.4\lib\</path>
         <kind>archive</kind>
         <file>rts6740.lib</file>
         <name>fread.obj</name>
      </input_file>
      <input_file id="fl-88">
         <path>D:\CCS\ccs_5.5\ccsv5\tools\compiler\c6000_7.4.4\lib\</path>
         <kind>archive</kind>
         <file>rts6740.lib</file>
         <name>fseek.obj</name>
      </input_file>
      <input_file id="fl-89">
         <path>D:\CCS\ccs_5.5\ccsv5\tools\compiler\c6000_7.4.4\lib\</path>
         <kind>archive</kind>
         <file>rts6740.lib</file>
         <name>fwrite.obj</name>
      </input_file>
      <input_file id="fl-8a">
         <path>D:\CCS\ccs_5.5\ccsv5\tools\compiler\c6000_7.4.4\lib\</path>
         <kind>archive</kind>
         <file>rts6740.lib</file>
         <name>lowlev.obj</name>
      </input_file>
      <input_file id="fl-8b">
         <path>D:\CCS\ccs_5.5\ccsv5\tools\compiler\c6000_7.4.4\lib\</path>
         <kind>archive</kind>
         <file>rts6740.lib</file>
         <name>memcpy64.obj</name>
      </input_file>
      <input_file id="fl-8c">
         <path>D:\CCS\ccs_5.5\ccsv5\tools\compiler\c6000_7.4.4\lib\</path>
         <kind>archive</kind>
         <file>rts6740.lib</file>
         <name>memory.obj</name>
      </input_file>
      <input_file id="fl-8d">
         <path>D:\CCS\ccs_5.5\ccsv5\tools\compiler\c6000_7.4.4\lib\</path>
         <kind>archive</kind>
         <file>rts6740.lib</file>
         <name>memset.obj</name>
      </input_file>
      <input_file id="fl-8e">
         <path>D:\CCS\ccs_5.5\ccsv5\tools\compiler\c6000_7.4.4\lib\</path>
         <kind>archive</kind>
         <file>rts6740.lib</file>
         <name>printf.obj</name>
      </input_file>
      <input_file id="fl-8f">
         <path>D:\CCS\ccs_5.5\ccsv5\tools\compiler\c6000_7.4.4\lib\</path>
         <kind>archive</kind>
         <file>rts6740.lib</file>
         <name>remove.obj</name>
      </input_file>
      <input_file id="fl-90">
         <path>D:\CCS\ccs_5.5\ccsv5\tools\compiler\c6000_7.4.4\lib\</path>
         <kind>archive</kind>
         <file>rts6740.lib</file>
         <name>sprintf.obj</name>
      </input_file>
      <input_file id="fl-91">
         <path>D:\CCS\ccs_5.5\ccsv5\tools\compiler\c6000_7.4.4\lib\</path>
         <kind>archive</kind>
         <file>rts6740.lib</file>
         <name>trgdrv.obj</name>
      </input_file>
      <input_file id="fl-92">
         <path>D:\CCS\ccs_5.5\ccsv5\tools\compiler\c6000_7.4.4\lib\</path>
         <kind>archive</kind>
         <file>rts6740.lib</file>
         <name>trgmsg.obj</name>
      </input_file>
      <input_file id="fl-93">
         <path>D:\CCS\ccs_5.5\ccsv5\tools\compiler\c6000_7.4.4\lib\</path>
         <kind>archive</kind>
         <file>rts6740.lib</file>
         <name>_bufread.obj</name>
      </input_file>
      <input_file id="fl-94">
         <path>D:\CCS\ccs_5.5\ccsv5\tools\compiler\c6000_7.4.4\lib\</path>
         <kind>archive</kind>
         <file>rts6740.lib</file>
         <name>_io_perm.obj</name>
      </input_file>
      <input_file id="fl-95">
         <path>D:\CCS\ccs_5.5\ccsv5\tools\compiler\c6000_7.4.4\lib\</path>
         <kind>archive</kind>
         <file>rts6740.lib</file>
         <name>_lock.obj</name>
      </input_file>
      <input_file id="fl-96">
         <path>D:\CCS\ccs_5.5\ccsv5\tools\compiler\c6000_7.4.4\lib\</path>
         <kind>archive</kind>
         <file>rts6740.lib</file>
         <name>_printfi.obj</name>
      </input_file>
      <input_file id="fl-97">
         <path>D:\CCS\ccs_5.5\ccsv5\tools\compiler\c6000_7.4.4\lib\</path>
         <kind>archive</kind>
         <file>rts6740.lib</file>
         <name>args_main.obj</name>
      </input_file>
      <input_file id="fl-98">
         <path>D:\CCS\ccs_5.5\ccsv5\tools\compiler\c6000_7.4.4\lib\</path>
         <kind>archive</kind>
         <file>rts6740.lib</file>
         <name>atoi.obj</name>
      </input_file>
      <input_file id="fl-99">
         <path>D:\CCS\ccs_5.5\ccsv5\tools\compiler\c6000_7.4.4\lib\</path>
         <kind>archive</kind>
         <file>rts6740.lib</file>
         <name>autoinit.obj</name>
      </input_file>
      <input_file id="fl-9a">
         <path>D:\CCS\ccs_5.5\ccsv5\tools\compiler\c6000_7.4.4\lib\</path>
         <kind>archive</kind>
         <file>rts6740.lib</file>
         <name>cpp_init.obj</name>
      </input_file>
      <input_file id="fl-9b">
         <path>D:\CCS\ccs_5.5\ccsv5\tools\compiler\c6000_7.4.4\lib\</path>
         <kind>archive</kind>
         <file>rts6740.lib</file>
         <name>cpy_tbl.obj</name>
      </input_file>
      <input_file id="fl-9c">
         <path>D:\CCS\ccs_5.5\ccsv5\tools\compiler\c6000_7.4.4\lib\</path>
         <kind>archive</kind>
         <file>rts6740.lib</file>
         <name>ctype.obj</name>
      </input_file>
      <input_file id="fl-9d">
         <path>D:\CCS\ccs_5.5\ccsv5\tools\compiler\c6000_7.4.4\lib\</path>
         <kind>archive</kind>
         <file>rts6740.lib</file>
         <name>defs.obj</name>
      </input_file>
      <input_file id="fl-9e">
         <path>D:\CCS\ccs_5.5\ccsv5\tools\compiler\c6000_7.4.4\lib\</path>
         <kind>archive</kind>
         <file>rts6740.lib</file>
         <name>divd.obj</name>
      </input_file>
      <input_file id="fl-9f">
         <path>D:\CCS\ccs_5.5\ccsv5\tools\compiler\c6000_7.4.4\lib\</path>
         <kind>archive</kind>
         <file>rts6740.lib</file>
         <name>divu.obj</name>
      </input_file>
      <input_file id="fl-a0">
         <path>D:\CCS\ccs_5.5\ccsv5\tools\compiler\c6000_7.4.4\lib\</path>
         <kind>archive</kind>
         <file>rts6740.lib</file>
         <name>fixdli.obj</name>
      </input_file>
      <input_file id="fl-a1">
         <path>D:\CCS\ccs_5.5\ccsv5\tools\compiler\c6000_7.4.4\lib\</path>
         <kind>archive</kind>
         <file>rts6740.lib</file>
         <name>fltlid.obj</name>
      </input_file>
      <input_file id="fl-a2">
         <path>D:\CCS\ccs_5.5\ccsv5\tools\compiler\c6000_7.4.4\lib\</path>
         <kind>archive</kind>
         <file>rts6740.lib</file>
         <name>fputc.obj</name>
      </input_file>
      <input_file id="fl-a3">
         <path>D:\CCS\ccs_5.5\ccsv5\tools\compiler\c6000_7.4.4\lib\</path>
         <kind>archive</kind>
         <file>rts6740.lib</file>
         <name>fputs.obj</name>
      </input_file>
      <input_file id="fl-a4">
         <path>D:\CCS\ccs_5.5\ccsv5\tools\compiler\c6000_7.4.4\lib\</path>
         <kind>archive</kind>
         <file>rts6740.lib</file>
         <name>frcmpyd_div.obj</name>
      </input_file>
      <input_file id="fl-a5">
         <path>D:\CCS\ccs_5.5\ccsv5\tools\compiler\c6000_7.4.4\lib\</path>
         <kind>archive</kind>
         <file>rts6740.lib</file>
         <name>imath40.obj</name>
      </input_file>
      <input_file id="fl-a6">
         <path>D:\CCS\ccs_5.5\ccsv5\tools\compiler\c6000_7.4.4\lib\</path>
         <kind>archive</kind>
         <file>rts6740.lib</file>
         <name>imath64.obj</name>
      </input_file>
      <input_file id="fl-a7">
         <path>D:\CCS\ccs_5.5\ccsv5\tools\compiler\c6000_7.4.4\lib\</path>
         <kind>archive</kind>
         <file>rts6740.lib</file>
         <name>isinf.obj</name>
      </input_file>
      <input_file id="fl-a8">
         <path>D:\CCS\ccs_5.5\ccsv5\tools\compiler\c6000_7.4.4\lib\</path>
         <kind>archive</kind>
         <file>rts6740.lib</file>
         <name>llshift.obj</name>
      </input_file>
      <input_file id="fl-a9">
         <path>D:\CCS\ccs_5.5\ccsv5\tools\compiler\c6000_7.4.4\lib\</path>
         <kind>archive</kind>
         <file>rts6740.lib</file>
         <name>ltoa.obj</name>
      </input_file>
      <input_file id="fl-aa">
         <path>D:\CCS\ccs_5.5\ccsv5\tools\compiler\c6000_7.4.4\lib\</path>
         <kind>archive</kind>
         <file>rts6740.lib</file>
         <name>memccpy.obj</name>
      </input_file>
      <input_file id="fl-ab">
         <path>D:\CCS\ccs_5.5\ccsv5\tools\compiler\c6000_7.4.4\lib\</path>
         <kind>archive</kind>
         <file>rts6740.lib</file>
         <name>negll.obj</name>
      </input_file>
      <input_file id="fl-ac">
         <path>D:\CCS\ccs_5.5\ccsv5\tools\compiler\c6000_7.4.4\lib\</path>
         <kind>archive</kind>
         <file>rts6740.lib</file>
         <name>setvbuf.obj</name>
      </input_file>
      <input_file id="fl-ad">
         <path>D:\CCS\ccs_5.5\ccsv5\tools\compiler\c6000_7.4.4\lib\</path>
         <kind>archive</kind>
         <file>rts6740.lib</file>
         <name>abs.obj</name>
      </input_file>
   </input_file_list>
   <object_component_list>
      <object_component id="oc-f5">
         <name>.text</name>
         <load_address>0xc0800000</load_address>
         <run_address>0xc0800000</run_address>
         <size>0xc20</size>
         <input_file_ref idref="fl-6"/>
      </object_component>
      <object_component id="oc-11c">
         <name>.text:__divd</name>
         <load_address>0xc0800c20</load_address>
         <run_address>0xc0800c20</run_address>
         <size>0x5a0</size>
         <input_file_ref idref="fl-9e"/>
      </object_component>
      <object_component id="oc-113">
         <name>.text:__getarg_diouxp</name>
         <load_address>0xc08011c0</load_address>
         <run_address>0xc08011c0</run_address>
         <size>0x580</size>
         <input_file_ref idref="fl-96"/>
      </object_component>
      <object_component id="oc-d5">
         <name>.text</name>
         <load_address>0xc0801740</load_address>
         <run_address>0xc0801740</run_address>
         <size>0x520</size>
         <input_file_ref idref="fl-3"/>
      </object_component>
      <object_component id="oc-e3">
         <name>.text:_fwrite</name>
         <load_address>0xc0801c60</load_address>
         <run_address>0xc0801c60</run_address>
         <size>0x4c0</size>
         <input_file_ref idref="fl-89"/>
      </object_component>
      <object_component id="oc-e5">
         <name>.text:__printfi</name>
         <load_address>0xc0802120</load_address>
         <run_address>0xc0802120</run_address>
         <size>0x440</size>
         <input_file_ref idref="fl-96"/>
      </object_component>
      <object_component id="oc-fb">
         <name>.text:__setfield</name>
         <load_address>0xc0802560</load_address>
         <run_address>0xc0802560</run_address>
         <size>0x440</size>
         <input_file_ref idref="fl-96"/>
      </object_component>
      <object_component id="oc-f8">
         <name>.text:_fputs</name>
         <load_address>0xc08029a0</load_address>
         <run_address>0xc08029a0</run_address>
         <size>0x3a0</size>
         <input_file_ref idref="fl-a3"/>
      </object_component>
      <object_component id="oc-107">
         <name>.text:__pproc_fge</name>
         <load_address>0xc0802d40</load_address>
         <run_address>0xc0802d40</run_address>
         <size>0x320</size>
         <input_file_ref idref="fl-96"/>
      </object_component>
      <object_component id="oc-fa">
         <name>.text:__pproc_fwp</name>
         <load_address>0xc0803060</load_address>
         <run_address>0xc0803060</run_address>
         <size>0x2c0</size>
         <input_file_ref idref="fl-96"/>
      </object_component>
      <object_component id="oc-de">
         <name>.text:_fread</name>
         <load_address>0xc0803320</load_address>
         <run_address>0xc0803320</run_address>
         <size>0x2c0</size>
         <input_file_ref idref="fl-87"/>
      </object_component>
      <object_component id="oc-117">
         <name>.text:_ecvt</name>
         <load_address>0xc08035e0</load_address>
         <run_address>0xc08035e0</run_address>
         <size>0x2a0</size>
         <input_file_ref idref="fl-96"/>
      </object_component>
      <object_component id="oc-11a">
         <name>.text:_fcvt</name>
         <load_address>0xc0803880</load_address>
         <run_address>0xc0803880</run_address>
         <size>0x2a0</size>
         <input_file_ref idref="fl-96"/>
      </object_component>
      <object_component id="oc-df">
         <name>.text:_free</name>
         <load_address>0xc0803b20</load_address>
         <run_address>0xc0803b20</run_address>
         <size>0x280</size>
         <input_file_ref idref="fl-8c"/>
      </object_component>
      <object_component id="oc-124">
         <name>.text:__divull</name>
         <load_address>0xc0803da0</load_address>
         <run_address>0xc0803da0</run_address>
         <size>0x260</size>
         <input_file_ref idref="fl-a6"/>
      </object_component>
      <object_component id="oc-112">
         <name>.text:__pconv_e</name>
         <load_address>0xc0804000</load_address>
         <run_address>0xc0804000</run_address>
         <size>0x260</size>
         <input_file_ref idref="fl-96"/>
      </object_component>
      <object_component id="oc-105">
         <name>.text</name>
         <load_address>0xc0804260</load_address>
         <run_address>0xc0804260</run_address>
         <size>0x240</size>
         <input_file_ref idref="fl-4"/>
      </object_component>
      <object_component id="oc-108">
         <name>.text:__pproc_diouxp</name>
         <load_address>0xc08044a0</load_address>
         <run_address>0xc08044a0</run_address>
         <size>0x240</size>
         <input_file_ref idref="fl-96"/>
      </object_component>
      <object_component id="oc-fc">
         <name>.text:__pproc_str</name>
         <load_address>0xc08046e0</load_address>
         <run_address>0xc08046e0</run_address>
         <size>0x220</size>
         <input_file_ref idref="fl-96"/>
      </object_component>
      <object_component id="oc-fd">
         <name>.text:_fputc</name>
         <load_address>0xc0804900</load_address>
         <run_address>0xc0804900</run_address>
         <size>0x220</size>
         <input_file_ref idref="fl-a2"/>
      </object_component>
      <object_component id="oc-110">
         <name>.text:__pconv_g</name>
         <load_address>0xc0804b20</load_address>
         <run_address>0xc0804b20</run_address>
         <size>0x200</size>
         <input_file_ref idref="fl-96"/>
      </object_component>
      <object_component id="oc-103">
         <name>.text:_setvbuf</name>
         <load_address>0xc0804d20</load_address>
         <run_address>0xc0804d20</run_address>
         <size>0x200</size>
         <input_file_ref idref="fl-ac"/>
      </object_component>
      <object_component id="oc-119">
         <name>.text:__mcpy</name>
         <load_address>0xc0804f20</load_address>
         <run_address>0xc0804f20</run_address>
         <size>0x1c0</size>
         <input_file_ref idref="fl-96"/>
      </object_component>
      <object_component id="oc-e8">
         <name>.text:__openfile</name>
         <load_address>0xc08050e0</load_address>
         <run_address>0xc08050e0</run_address>
         <size>0x1c0</size>
         <input_file_ref idref="fl-86"/>
      </object_component>
      <object_component id="oc-123">
         <name>.text:__divul</name>
         <load_address>0xc08052a0</load_address>
         <run_address>0xc08052a0</run_address>
         <size>0x1a0</size>
         <input_file_ref idref="fl-a5"/>
      </object_component>
      <object_component id="oc-d0">
         <name>.text:_HOSTrename</name>
         <load_address>0xc0805440</load_address>
         <run_address>0xc0805440</run_address>
         <size>0x180</size>
         <input_file_ref idref="fl-91"/>
      </object_component>
      <object_component id="oc-dd">
         <name>.text:_malloc</name>
         <load_address>0xc08055c0</load_address>
         <run_address>0xc08055c0</run_address>
         <size>0x180</size>
         <input_file_ref idref="fl-8c"/>
      </object_component>
      <object_component id="oc-100">
         <name>.text:_open</name>
         <load_address>0xc0805740</load_address>
         <run_address>0xc0805740</run_address>
         <size>0x180</size>
         <input_file_ref idref="fl-8a"/>
      </object_component>
      <object_component id="oc-f9">
         <name>.text:__pproc_fflags</name>
         <load_address>0xc08058c0</load_address>
         <run_address>0xc08058c0</run_address>
         <size>0x140</size>
         <input_file_ref idref="fl-96"/>
      </object_component>
      <object_component id="oc-10b">
         <name>.text:_getdevice</name>
         <load_address>0xc0805a00</load_address>
         <run_address>0xc0805a00</run_address>
         <size>0x140</size>
         <input_file_ref idref="fl-8a"/>
      </object_component>
      <object_component id="oc-ef">
         <name>.text:__buff_read</name>
         <load_address>0xc0805b40</load_address>
         <run_address>0xc0805b40</run_address>
         <size>0x120</size>
         <input_file_ref idref="fl-93"/>
      </object_component>
      <object_component id="oc-e9">
         <name>.text:__closefile</name>
         <load_address>0xc0805c60</load_address>
         <run_address>0xc0805c60</run_address>
         <size>0x120</size>
         <input_file_ref idref="fl-84"/>
      </object_component>
      <object_component id="oc-115">
         <name>.text:__ltostr</name>
         <load_address>0xc0805d80</load_address>
         <run_address>0xc0805d80</run_address>
         <size>0x120</size>
         <input_file_ref idref="fl-96"/>
      </object_component>
      <object_component id="oc-e7">
         <name>.text:__search_fp</name>
         <load_address>0xc0805ea0</load_address>
         <run_address>0xc0805ea0</run_address>
         <size>0x120</size>
         <input_file_ref idref="fl-86"/>
      </object_component>
      <object_component id="oc-e0">
         <name>.text:_fseek</name>
         <load_address>0xc0805fc0</load_address>
         <run_address>0xc0805fc0</run_address>
         <size>0x120</size>
         <input_file_ref idref="fl-88"/>
      </object_component>
      <object_component id="oc-104">
         <name>.text</name>
         <load_address>0xc08060e0</load_address>
         <run_address>0xc08060e0</run_address>
         <size>0x120</size>
         <input_file_ref idref="fl-2"/>
      </object_component>
      <object_component id="oc-ce">
         <name>.text:_HOSTlseek</name>
         <load_address>0xc0806200</load_address>
         <run_address>0xc0806200</run_address>
         <size>0x100</size>
         <input_file_ref idref="fl-91"/>
      </object_component>
      <object_component id="oc-f6">
         <name>.text:__wrt_ok</name>
         <load_address>0xc0806300</load_address>
         <run_address>0xc0806300</run_address>
         <size>0x100</size>
         <input_file_ref idref="fl-94"/>
      </object_component>
      <object_component id="oc-ca">
         <name>.text:_HOSTopen</name>
         <load_address>0xc0806400</load_address>
         <run_address>0xc0806400</run_address>
         <size>0xe0</size>
         <input_file_ref idref="fl-91"/>
      </object_component>
      <object_component id="oc-106">
         <name>.text:_atoi</name>
         <load_address>0xc08064e0</load_address>
         <run_address>0xc08064e0</run_address>
         <size>0xe0</size>
         <input_file_ref idref="fl-98"/>
      </object_component>
      <object_component id="oc-101">
         <name>.text:_close</name>
         <load_address>0xc08065c0</load_address>
         <run_address>0xc08065c0</run_address>
         <size>0xe0</size>
         <input_file_ref idref="fl-8a"/>
      </object_component>
      <object_component id="oc-fe">
         <name>.text:_memset</name>
         <load_address>0xc08066a0</load_address>
         <run_address>0xc08066a0</run_address>
         <size>0xe0</size>
         <input_file_ref idref="fl-8d"/>
      </object_component>
      <object_component id="oc-d9">
         <name>.text:_printf</name>
         <load_address>0xc0806780</load_address>
         <run_address>0xc0806780</run_address>
         <size>0xe0</size>
         <input_file_ref idref="fl-8e"/>
      </object_component>
      <object_component id="oc-cc">
         <name>.text:_HOSTread</name>
         <load_address>0xc0806860</load_address>
         <run_address>0xc0806860</run_address>
         <size>0xc0</size>
         <input_file_ref idref="fl-91"/>
      </object_component>
      <object_component id="oc-cf">
         <name>.text:_HOSTunlink</name>
         <load_address>0xc0806920</load_address>
         <run_address>0xc0806920</run_address>
         <size>0xc0</size>
         <input_file_ref idref="fl-91"/>
      </object_component>
      <object_component id="oc-cd">
         <name>.text:_HOSTwrite</name>
         <load_address>0xc08069e0</load_address>
         <run_address>0xc08069e0</run_address>
         <size>0xc0</size>
         <input_file_ref idref="fl-91"/>
      </object_component>
      <object_component id="oc-c7">
         <name>.text:__auto_init</name>
         <load_address>0xc0806aa0</load_address>
         <run_address>0xc0806aa0</run_address>
         <size>0xc0</size>
         <input_file_ref idref="fl-99"/>
      </object_component>
      <object_component id="oc-11d">
         <name>.text:__div</name>
         <load_address>0xc0806b60</load_address>
         <run_address>0xc0806b60</run_address>
         <size>0xc0</size>
         <input_file_ref idref="fl-96"/>
      </object_component>
      <object_component id="oc-f0">
         <name>.text:__divu</name>
         <load_address>0xc0806c20</load_address>
         <run_address>0xc0806c20</run_address>
         <size>0xc0</size>
         <input_file_ref idref="fl-9f"/>
      </object_component>
      <object_component id="oc-f2">
         <name>.text:__doflush</name>
         <load_address>0xc0806ce0</load_address>
         <run_address>0xc0806ce0</run_address>
         <size>0xc0</size>
         <input_file_ref idref="fl-85"/>
      </object_component>
      <object_component id="oc-ee">
         <name>.text:__rd_ok</name>
         <load_address>0xc0806da0</load_address>
         <run_address>0xc0806da0</run_address>
         <size>0xc0</size>
         <input_file_ref idref="fl-94"/>
      </object_component>
      <object_component id="oc-c9">
         <name>.text:_exit</name>
         <load_address>0xc0806e60</load_address>
         <run_address>0xc0806e60</run_address>
         <size>0xc0</size>
         <input_file_ref idref="fl-83"/>
      </object_component>
      <object_component id="oc-11f">
         <name>.text:_ltoa</name>
         <load_address>0xc0806f20</load_address>
         <run_address>0xc0806f20</run_address>
         <size>0xc0</size>
         <input_file_ref idref="fl-a9"/>
      </object_component>
      <object_component id="oc-f4">
         <name>.text:_HOSTclock</name>
         <load_address>0xc0806fe0</load_address>
         <run_address>0xc0806fe0</run_address>
         <size>0xa0</size>
         <input_file_ref idref="fl-91"/>
      </object_component>
      <object_component id="oc-cb">
         <name>.text:_HOSTclose</name>
         <load_address>0xc0807080</load_address>
         <run_address>0xc0807080</run_address>
         <size>0xa0</size>
         <input_file_ref idref="fl-91"/>
      </object_component>
      <object_component id="oc-ff">
         <name>.text:__cleanup</name>
         <load_address>0xc0807120</load_address>
         <run_address>0xc0807120</run_address>
         <size>0xa0</size>
         <input_file_ref idref="fl-86"/>
      </object_component>
      <object_component id="oc-126">
         <name>.text:__divli</name>
         <load_address>0xc08071c0</load_address>
         <run_address>0xc08071c0</run_address>
         <size>0xa0</size>
         <input_file_ref idref="fl-a5"/>
      </object_component>
      <object_component id="oc-118">
         <name>.text:__ecpy</name>
         <load_address>0xc0807260</load_address>
         <run_address>0xc0807260</run_address>
         <size>0xa0</size>
         <input_file_ref idref="fl-96"/>
      </object_component>
      <object_component id="oc-11b">
         <name>.text:__fcpy</name>
         <load_address>0xc0807300</load_address>
         <run_address>0xc0807300</run_address>
         <size>0xa0</size>
         <input_file_ref idref="fl-96"/>
      </object_component>
      <object_component id="oc-11e">
         <name>.text:__fixdli</name>
         <load_address>0xc08073a0</load_address>
         <run_address>0xc08073a0</run_address>
         <size>0xa0</size>
         <input_file_ref idref="fl-a0"/>
      </object_component>
      <object_component id="oc-111">
         <name>.text:__pconv_f</name>
         <load_address>0xc0807440</load_address>
         <run_address>0xc0807440</run_address>
         <size>0xa0</size>
         <input_file_ref idref="fl-96"/>
      </object_component>
      <object_component id="oc-d2">
         <name>.text:_copy_in</name>
         <load_address>0xc08074e0</load_address>
         <run_address>0xc08074e0</run_address>
         <size>0xa0</size>
         <input_file_ref idref="fl-9b"/>
      </object_component>
      <object_component id="oc-116">
         <name>.text:_finddevice</name>
         <load_address>0xc0807580</load_address>
         <run_address>0xc0807580</run_address>
         <size>0xa0</size>
         <input_file_ref idref="fl-8a"/>
      </object_component>
      <object_component id="oc-f3">
         <name>.text:_lseek</name>
         <load_address>0xc0807620</load_address>
         <run_address>0xc0807620</run_address>
         <size>0xa0</size>
         <input_file_ref idref="fl-8a"/>
      </object_component>
      <object_component id="oc-d3">
         <name>.text:_memcpy</name>
         <load_address>0xc08076c0</load_address>
         <run_address>0xc08076c0</run_address>
         <size>0xa0</size>
         <input_file_ref idref="fl-8b"/>
      </object_component>
      <object_component id="oc-ed">
         <name>.text:_minsert</name>
         <load_address>0xc0807760</load_address>
         <run_address>0xc0807760</run_address>
         <size>0xa0</size>
         <input_file_ref idref="fl-8c"/>
      </object_component>
      <object_component id="oc-ec">
         <name>.text:_mremove</name>
         <load_address>0xc0807800</load_address>
         <run_address>0xc0807800</run_address>
         <size>0xa0</size>
         <input_file_ref idref="fl-8c"/>
      </object_component>
      <object_component id="oc-f1">
         <name>.text:_read</name>
         <load_address>0xc08078a0</load_address>
         <run_address>0xc08078a0</run_address>
         <size>0xa0</size>
         <input_file_ref idref="fl-8a"/>
      </object_component>
      <object_component id="oc-f7">
         <name>.text:_write</name>
         <load_address>0xc0807940</load_address>
         <run_address>0xc0807940</run_address>
         <size>0xa0</size>
         <input_file_ref idref="fl-8a"/>
      </object_component>
      <object_component id="oc-120">
         <name>.text:__fltlid</name>
         <load_address>0xc08079e0</load_address>
         <run_address>0xc08079e0</run_address>
         <size>0x80</size>
         <input_file_ref idref="fl-a1"/>
      </object_component>
      <object_component id="oc-127">
         <name>.text:__llshl</name>
         <load_address>0xc0807a60</load_address>
         <run_address>0xc0807a60</run_address>
         <size>0x80</size>
         <input_file_ref idref="fl-a8"/>
      </object_component>
      <object_component id="oc-17">
         <name>.text:_c_int00</name>
         <load_address>0xc0807ae0</load_address>
         <run_address>0xc0807ae0</run_address>
         <size>0x80</size>
         <input_file_ref idref="fl-81"/>
      </object_component>
      <object_component id="oc-d8">
         <name>.text:_readmsg</name>
         <load_address>0xc0807b60</load_address>
         <run_address>0xc0807b60</run_address>
         <size>0x80</size>
         <input_file_ref idref="fl-92"/>
      </object_component>
      <object_component id="oc-10c">
         <name>.text:_unlink</name>
         <load_address>0xc0807be0</load_address>
         <run_address>0xc0807be0</run_address>
         <size>0x80</size>
         <input_file_ref idref="fl-8a"/>
      </object_component>
      <object_component id="oc-e2">
         <name>.text</name>
         <load_address>0xc0807c60</load_address>
         <run_address>0xc0807c60</run_address>
         <size>0x60</size>
         <input_file_ref idref="fl-5"/>
      </object_component>
      <object_component id="oc-d4">
         <name>.text:___TI_cpp_init</name>
         <load_address>0xc0807cc0</load_address>
         <run_address>0xc0807cc0</run_address>
         <size>0x60</size>
         <input_file_ref idref="fl-9a"/>
      </object_component>
      <object_component id="oc-128">
         <name>.text:__subcull</name>
         <load_address>0xc0807d20</load_address>
         <run_address>0xc0807d20</run_address>
         <size>0x60</size>
         <input_file_ref idref="fl-a6"/>
      </object_component>
      <object_component id="oc-db">
         <name>.text:_fclose</name>
         <load_address>0xc0807d80</load_address>
         <run_address>0xc0807d80</run_address>
         <size>0x60</size>
         <input_file_ref idref="fl-84"/>
      </object_component>
      <object_component id="oc-da">
         <name>.text:_fopen</name>
         <load_address>0xc0807de0</load_address>
         <run_address>0xc0807de0</run_address>
         <size>0x60</size>
         <input_file_ref idref="fl-86"/>
      </object_component>
      <object_component id="oc-109">
         <name>.text:_memccpy</name>
         <load_address>0xc0807e40</load_address>
         <run_address>0xc0807e40</run_address>
         <size>0x60</size>
         <input_file_ref idref="fl-aa"/>
      </object_component>
      <object_component id="oc-dc">
         <name>.text:_sprintf</name>
         <load_address>0xc0807ea0</load_address>
         <run_address>0xc0807ea0</run_address>
         <size>0x60</size>
         <input_file_ref idref="fl-90"/>
      </object_component>
      <object_component id="oc-10a">
         <name>.text:_tabinit</name>
         <load_address>0xc0807f00</load_address>
         <run_address>0xc0807f00</run_address>
         <size>0x60</size>
         <input_file_ref idref="fl-8a"/>
      </object_component>
      <object_component id="oc-d7">
         <name>.text:_writemsg</name>
         <load_address>0xc0807f60</load_address>
         <run_address>0xc0807f60</run_address>
         <size>0x60</size>
         <input_file_ref idref="fl-92"/>
      </object_component>
      <object_component id="oc-10f">
         <name>.text:___isinf</name>
         <load_address>0xc0807fc0</load_address>
         <run_address>0xc0807fc0</run_address>
         <size>0x40</size>
         <input_file_ref idref="fl-a7"/>
      </object_component>
      <object_component id="oc-10e">
         <name>.text:___isnan</name>
         <load_address>0xc0808000</load_address>
         <run_address>0xc0808000</run_address>
         <size>0x40</size>
         <input_file_ref idref="fl-96"/>
      </object_component>
      <object_component id="oc-c8">
         <name>.text:__args_main</name>
         <load_address>0xc0808040</load_address>
         <run_address>0xc0808040</run_address>
         <size>0x40</size>
         <input_file_ref idref="fl-97"/>
      </object_component>
      <object_component id="oc-122">
         <name>.text:__frcmpyd_div</name>
         <load_address>0xc0808080</load_address>
         <run_address>0xc0808080</run_address>
         <size>0x40</size>
         <input_file_ref idref="fl-a4"/>
      </object_component>
      <object_component id="oc-121">
         <name>.text:__llshru</name>
         <load_address>0xc08080c0</load_address>
         <run_address>0xc08080c0</run_address>
         <size>0x40</size>
         <input_file_ref idref="fl-a8"/>
      </object_component>
      <object_component id="oc-eb">
         <name>.text:__outs</name>
         <load_address>0xc0808100</load_address>
         <run_address>0xc0808100</run_address>
         <size>0x40</size>
         <input_file_ref idref="fl-90"/>
      </object_component>
      <object_component id="oc-125">
         <name>.text:__remli</name>
         <load_address>0xc0808140</load_address>
         <run_address>0xc0808140</run_address>
         <size>0x40</size>
         <input_file_ref idref="fl-a5"/>
      </object_component>
      <object_component id="oc-114">
         <name>.text:__negll</name>
         <load_address>0xc0808180</load_address>
         <run_address>0xc0808180</run_address>
         <size>0x20</size>
         <input_file_ref idref="fl-ab"/>
      </object_component>
      <object_component id="oc-d1">
         <name>.text:__nop</name>
         <load_address>0xc08081a0</load_address>
         <run_address>0xc08081a0</run_address>
         <size>0x20</size>
         <input_file_ref idref="fl-95"/>
      </object_component>
      <object_component id="oc-e6">
         <name>.text:__outc</name>
         <load_address>0xc08081c0</load_address>
         <run_address>0xc08081c0</run_address>
         <size>0x20</size>
         <input_file_ref idref="fl-8e"/>
      </object_component>
      <object_component id="oc-ea">
         <name>.text:__outc</name>
         <load_address>0xc08081e0</load_address>
         <run_address>0xc08081e0</run_address>
         <size>0x20</size>
         <input_file_ref idref="fl-90"/>
      </object_component>
      <object_component id="oc-e4">
         <name>.text:__outs</name>
         <load_address>0xc0808200</load_address>
         <run_address>0xc0808200</run_address>
         <size>0x20</size>
         <input_file_ref idref="fl-8e"/>
      </object_component>
      <object_component id="oc-d6">
         <name>.text:_abort</name>
         <load_address>0xc0808220</load_address>
         <run_address>0xc0808220</run_address>
         <size>0x20</size>
         <input_file_ref idref="fl-83"/>
      </object_component>
      <object_component id="oc-e1">
         <name>.text:_clock</name>
         <load_address>0xc0808240</load_address>
         <run_address>0xc0808240</run_address>
         <size>0x20</size>
         <input_file_ref idref="fl-82"/>
      </object_component>
      <object_component id="oc-102">
         <name>.text:_remove</name>
         <load_address>0xc0808260</load_address>
         <run_address>0xc0808260</run_address>
         <size>0x20</size>
         <input_file_ref idref="fl-8f"/>
      </object_component>
      <object_component id="oc-31">
         <name>.stack</name>
         <uninitialized>true</uninitialized>
         <run_address>0xc0808280</run_address>
         <size>0x8</size>
         <input_file_ref idref="fl-81"/>
      </object_component>
      <object_component id="oc-147">
         <name>.stack</name>
         <uninitialized>true</uninitialized>
         <run_address>0xc0808280</run_address>
         <size>0x0</size>
      </object_component>
      <object_component id="oc-1c">
         <name>.bss</name>
         <uninitialized>true</uninitialized>
         <run_address>0xc0809d48</run_address>
         <size>0xc</size>
         <input_file_ref idref="fl-3"/>
      </object_component>
      <object_component id="oc-6f">
         <name>.cio</name>
         <uninitialized>true</uninitialized>
         <run_address>0xc0809c28</run_address>
         <size>0x120</size>
         <input_file_ref idref="fl-92"/>
      </object_component>
      <object_component id="oc-1f">
         <name>.const:.string</name>
         <load_address>0xc0809720</load_address>
         <run_address>0xc0809720</run_address>
         <size>0x244</size>
         <input_file_ref idref="fl-3"/>
      </object_component>
      <object_component id="oc-a6">
         <name>.const:.string</name>
         <load_address>0xc0809964</load_address>
         <run_address>0xc0809964</run_address>
         <size>0x2</size>
         <input_file_ref idref="fl-a3"/>
      </object_component>
      <object_component id="oc-10d">
         <name>.const:.string:__ctypes_</name>
         <load_address>0xc0809968</load_address>
         <run_address>0xc0809968</run_address>
         <size>0x101</size>
         <input_file_ref idref="fl-9c"/>
      </object_component>
      <object_component id="oc-2c">
         <name>.const:.string</name>
         <load_address>0xc0809a6c</load_address>
         <run_address>0xc0809a6c</run_address>
         <size>0x40</size>
         <input_file_ref idref="fl-6"/>
      </object_component>
      <object_component id="oc-7e">
         <name>.const:.string</name>
         <load_address>0xc0809aac</load_address>
         <run_address>0xc0809aac</run_address>
         <size>0x23</size>
         <input_file_ref idref="fl-96"/>
      </object_component>
      <object_component id="oc-5b">
         <name>.sysmem</name>
         <uninitialized>true</uninitialized>
         <run_address>0xc0000000</run_address>
         <size>0x8</size>
         <input_file_ref idref="fl-8c"/>
      </object_component>
      <object_component id="oc-148">
         <name>.sysmem</name>
         <uninitialized>true</uninitialized>
         <run_address>0xc0000000</run_address>
         <size>0x0</size>
      </object_component>
      <object_component id="oc-1e">
         <name>.far</name>
         <uninitialized>true</uninitialized>
         <run_address>0xc08096c4</run_address>
         <size>0x38</size>
         <input_file_ref idref="fl-3"/>
      </object_component>
      <object_component id="oc-39">
         <name>.far</name>
         <uninitialized>true</uninitialized>
         <run_address>0xc08096fc</run_address>
         <size>0xc</size>
         <input_file_ref idref="fl-83"/>
      </object_component>
      <object_component id="oc-44">
         <name>.far</name>
         <uninitialized>true</uninitialized>
         <run_address>0xc08095a4</run_address>
         <size>0x4</size>
         <input_file_ref idref="fl-86"/>
      </object_component>
      <object_component id="oc-52">
         <name>.far</name>
         <uninitialized>true</uninitialized>
         <run_address>0xc08095a8</run_address>
         <size>0x11c</size>
         <input_file_ref idref="fl-8a"/>
      </object_component>
      <object_component id="oc-5a">
         <name>.far</name>
         <uninitialized>true</uninitialized>
         <run_address>0xc0809710</run_address>
         <size>0x8</size>
         <input_file_ref idref="fl-8c"/>
      </object_component>
      <object_component id="oc-6b">
         <name>.far</name>
         <uninitialized>true</uninitialized>
         <run_address>0xc0809718</run_address>
         <size>0x8</size>
         <input_file_ref idref="fl-91"/>
      </object_component>
      <object_component id="oc-7a">
         <name>.far</name>
         <uninitialized>true</uninitialized>
         <run_address>0xc0809708</run_address>
         <size>0x8</size>
         <input_file_ref idref="fl-95"/>
      </object_component>
      <object_component id="oc-94">
         <name>.far</name>
         <uninitialized>true</uninitialized>
         <run_address>0xc0809280</run_address>
         <size>0x324</size>
         <input_file_ref idref="fl-9d"/>
      </object_component>
      <object_component id="oc-93">
         <name>.cinit</name>
         <load_address>0xc0809ad0</load_address>
         <run_address>0xc0809ad0</run_address>
         <size>0x5c</size>
         <input_file_ref idref="fl-9d"/>
      </object_component>
      <object_component id="oc-51">
         <name>.cinit</name>
         <load_address>0xc0809b30</load_address>
         <run_address>0xc0809b30</run_address>
         <size>0x5c</size>
         <input_file_ref idref="fl-8a"/>
      </object_component>
      <object_component id="oc-38">
         <name>.cinit</name>
         <load_address>0xc0809b90</load_address>
         <run_address>0xc0809b90</run_address>
         <size>0x2c</size>
         <input_file_ref idref="fl-83"/>
      </object_component>
      <object_component id="oc-59">
         <name>.cinit</name>
         <load_address>0xc0809bc0</load_address>
         <run_address>0xc0809bc0</run_address>
         <size>0x2c</size>
         <input_file_ref idref="fl-8c"/>
      </object_component>
      <object_component id="oc-79">
         <name>.cinit</name>
         <load_address>0xc0809bf0</load_address>
         <run_address>0xc0809bf0</run_address>
         <size>0x1c</size>
         <input_file_ref idref="fl-95"/>
      </object_component>
      <object_component id="oc-43">
         <name>.cinit</name>
         <load_address>0xc0809c10</load_address>
         <run_address>0xc0809c10</run_address>
         <size>0xc</size>
         <input_file_ref idref="fl-86"/>
      </object_component>
      <object_component id="oc-18">
         <name>.debug_info</name>
         <load_address>0x0</load_address>
         <run_address>0x0</run_address>
         <size>0xd4c</size>
         <input_file_ref idref="fl-2"/>
      </object_component>
      <object_component id="oc-1d">
         <name>.debug_info</name>
         <load_address>0xd4c</load_address>
         <run_address>0xd4c</run_address>
         <size>0x13af</size>
         <input_file_ref idref="fl-3"/>
      </object_component>
      <object_component id="oc-23">
         <name>.debug_info</name>
         <load_address>0x20fb</load_address>
         <run_address>0x20fb</run_address>
         <size>0xb13</size>
         <input_file_ref idref="fl-4"/>
      </object_component>
      <object_component id="oc-27">
         <name>.debug_info</name>
         <load_address>0x2c0e</load_address>
         <run_address>0x2c0e</run_address>
         <size>0xb4d</size>
         <input_file_ref idref="fl-5"/>
      </object_component>
      <object_component id="oc-2b">
         <name>.debug_info</name>
         <load_address>0x375b</load_address>
         <run_address>0x375b</run_address>
         <size>0x1d45</size>
         <input_file_ref idref="fl-6"/>
      </object_component>
      <object_component id="oc-30">
         <name>.debug_info</name>
         <load_address>0x54a0</load_address>
         <run_address>0x54a0</run_address>
         <size>0x6f2</size>
         <input_file_ref idref="fl-81"/>
      </object_component>
      <object_component id="oc-34">
         <name>.debug_info</name>
         <load_address>0x5b92</load_address>
         <run_address>0x5b92</run_address>
         <size>0x626</size>
         <input_file_ref idref="fl-82"/>
      </object_component>
      <object_component id="oc-37">
         <name>.debug_info</name>
         <load_address>0x61b8</load_address>
         <run_address>0x61b8</run_address>
         <size>0x7bf</size>
         <input_file_ref idref="fl-83"/>
      </object_component>
      <object_component id="oc-3c">
         <name>.debug_info</name>
         <load_address>0x6977</load_address>
         <run_address>0x6977</run_address>
         <size>0x867</size>
         <input_file_ref idref="fl-84"/>
      </object_component>
      <object_component id="oc-3f">
         <name>.debug_info</name>
         <load_address>0x71de</load_address>
         <run_address>0x71de</run_address>
         <size>0x768</size>
         <input_file_ref idref="fl-85"/>
      </object_component>
      <object_component id="oc-42">
         <name>.debug_info</name>
         <load_address>0x7946</load_address>
         <run_address>0x7946</run_address>
         <size>0xa92</size>
         <input_file_ref idref="fl-86"/>
      </object_component>
      <object_component id="oc-47">
         <name>.debug_info</name>
         <load_address>0x83d8</load_address>
         <run_address>0x83d8</run_address>
         <size>0x92e</size>
         <input_file_ref idref="fl-87"/>
      </object_component>
      <object_component id="oc-4a">
         <name>.debug_info</name>
         <load_address>0x8d06</load_address>
         <run_address>0x8d06</run_address>
         <size>0x7a0</size>
         <input_file_ref idref="fl-88"/>
      </object_component>
      <object_component id="oc-4d">
         <name>.debug_info</name>
         <load_address>0x94a6</load_address>
         <run_address>0x94a6</run_address>
         <size>0xabe</size>
         <input_file_ref idref="fl-89"/>
      </object_component>
      <object_component id="oc-50">
         <name>.debug_info</name>
         <load_address>0x9f64</load_address>
         <run_address>0x9f64</run_address>
         <size>0x10c4</size>
         <input_file_ref idref="fl-8a"/>
      </object_component>
      <object_component id="oc-55">
         <name>.debug_info</name>
         <load_address>0xb028</load_address>
         <run_address>0xb028</run_address>
         <size>0xcc</size>
         <input_file_ref idref="fl-8b"/>
      </object_component>
      <object_component id="oc-58">
         <name>.debug_info</name>
         <load_address>0xb0f4</load_address>
         <run_address>0xb0f4</run_address>
         <size>0xabf</size>
         <input_file_ref idref="fl-8c"/>
      </object_component>
      <object_component id="oc-5e">
         <name>.debug_info</name>
         <load_address>0xbbb3</load_address>
         <run_address>0xbbb3</run_address>
         <size>0x79d</size>
         <input_file_ref idref="fl-8d"/>
      </object_component>
      <object_component id="oc-61">
         <name>.debug_info</name>
         <load_address>0xc350</load_address>
         <run_address>0xc350</run_address>
         <size>0x8e9</size>
         <input_file_ref idref="fl-8e"/>
      </object_component>
      <object_component id="oc-64">
         <name>.debug_info</name>
         <load_address>0xcc39</load_address>
         <run_address>0xcc39</run_address>
         <size>0x64b</size>
         <input_file_ref idref="fl-8f"/>
      </object_component>
      <object_component id="oc-67">
         <name>.debug_info</name>
         <load_address>0xd284</load_address>
         <run_address>0xd284</run_address>
         <size>0x806</size>
         <input_file_ref idref="fl-90"/>
      </object_component>
      <object_component id="oc-6a">
         <name>.debug_info</name>
         <load_address>0xda8a</load_address>
         <run_address>0xda8a</run_address>
         <size>0xe42</size>
         <input_file_ref idref="fl-91"/>
      </object_component>
      <object_component id="oc-6e">
         <name>.debug_info</name>
         <load_address>0xe8cc</load_address>
         <run_address>0xe8cc</run_address>
         <size>0x850</size>
         <input_file_ref idref="fl-92"/>
      </object_component>
      <object_component id="oc-72">
         <name>.debug_info</name>
         <load_address>0xf11c</load_address>
         <run_address>0xf11c</run_address>
         <size>0x7cd</size>
         <input_file_ref idref="fl-93"/>
      </object_component>
      <object_component id="oc-75">
         <name>.debug_info</name>
         <load_address>0xf8e9</load_address>
         <run_address>0xf8e9</run_address>
         <size>0x7b4</size>
         <input_file_ref idref="fl-94"/>
      </object_component>
      <object_component id="oc-78">
         <name>.debug_info</name>
         <load_address>0x1009d</load_address>
         <run_address>0x1009d</run_address>
         <size>0x633</size>
         <input_file_ref idref="fl-95"/>
      </object_component>
      <object_component id="oc-7d">
         <name>.debug_info</name>
         <load_address>0x106d0</load_address>
         <run_address>0x106d0</run_address>
         <size>0x2674</size>
         <input_file_ref idref="fl-96"/>
      </object_component>
      <object_component id="oc-81">
         <name>.debug_info</name>
         <load_address>0x12d44</load_address>
         <run_address>0x12d44</run_address>
         <size>0x6c8</size>
         <input_file_ref idref="fl-97"/>
      </object_component>
      <object_component id="oc-84">
         <name>.debug_info</name>
         <load_address>0x1340c</load_address>
         <run_address>0x1340c</run_address>
         <size>0x6d5</size>
         <input_file_ref idref="fl-98"/>
      </object_component>
      <object_component id="oc-87">
         <name>.debug_info</name>
         <load_address>0x13ae1</load_address>
         <run_address>0x13ae1</run_address>
         <size>0x83e</size>
         <input_file_ref idref="fl-99"/>
      </object_component>
      <object_component id="oc-8a">
         <name>.debug_info</name>
         <load_address>0x1431f</load_address>
         <run_address>0x1431f</run_address>
         <size>0x6b6</size>
         <input_file_ref idref="fl-9a"/>
      </object_component>
      <object_component id="oc-8d">
         <name>.debug_info</name>
         <load_address>0x149d5</load_address>
         <run_address>0x149d5</run_address>
         <size>0x7ac</size>
         <input_file_ref idref="fl-9b"/>
      </object_component>
      <object_component id="oc-90">
         <name>.debug_info</name>
         <load_address>0x15181</load_address>
         <run_address>0x15181</run_address>
         <size>0x5e1</size>
         <input_file_ref idref="fl-9c"/>
      </object_component>
      <object_component id="oc-92">
         <name>.debug_info</name>
         <load_address>0x15762</load_address>
         <run_address>0x15762</run_address>
         <size>0x6ce</size>
         <input_file_ref idref="fl-9d"/>
      </object_component>
      <object_component id="oc-96">
         <name>.debug_info</name>
         <load_address>0x15e30</load_address>
         <run_address>0x15e30</run_address>
         <size>0x96a</size>
         <input_file_ref idref="fl-9e"/>
      </object_component>
      <object_component id="oc-99">
         <name>.debug_info</name>
         <load_address>0x1679a</load_address>
         <run_address>0x1679a</run_address>
         <size>0xbd</size>
         <input_file_ref idref="fl-9f"/>
      </object_component>
      <object_component id="oc-9c">
         <name>.debug_info</name>
         <load_address>0x16857</load_address>
         <run_address>0x16857</run_address>
         <size>0x67e</size>
         <input_file_ref idref="fl-a0"/>
      </object_component>
      <object_component id="oc-9f">
         <name>.debug_info</name>
         <load_address>0x16ed5</load_address>
         <run_address>0x16ed5</run_address>
         <size>0x697</size>
         <input_file_ref idref="fl-a1"/>
      </object_component>
      <object_component id="oc-a2">
         <name>.debug_info</name>
         <load_address>0x1756c</load_address>
         <run_address>0x1756c</run_address>
         <size>0x811</size>
         <input_file_ref idref="fl-a2"/>
      </object_component>
      <object_component id="oc-a5">
         <name>.debug_info</name>
         <load_address>0x17d7d</load_address>
         <run_address>0x17d7d</run_address>
         <size>0xa9d</size>
         <input_file_ref idref="fl-a3"/>
      </object_component>
      <object_component id="oc-a9">
         <name>.debug_info</name>
         <load_address>0x1881a</load_address>
         <run_address>0x1881a</run_address>
         <size>0x653</size>
         <input_file_ref idref="fl-a4"/>
      </object_component>
      <object_component id="oc-ac">
         <name>.debug_info</name>
         <load_address>0x18e6d</load_address>
         <run_address>0x18e6d</run_address>
         <size>0x78a</size>
         <input_file_ref idref="fl-a5"/>
      </object_component>
      <object_component id="oc-af">
         <name>.debug_info</name>
         <load_address>0x195f7</load_address>
         <run_address>0x195f7</run_address>
         <size>0x785</size>
         <input_file_ref idref="fl-a6"/>
      </object_component>
      <object_component id="oc-b2">
         <name>.debug_info</name>
         <load_address>0x19d7c</load_address>
         <run_address>0x19d7c</run_address>
         <size>0x7fd</size>
         <input_file_ref idref="fl-a7"/>
      </object_component>
      <object_component id="oc-b5">
         <name>.debug_info</name>
         <load_address>0x1a579</load_address>
         <run_address>0x1a579</run_address>
         <size>0x6e8</size>
         <input_file_ref idref="fl-a8"/>
      </object_component>
      <object_component id="oc-b8">
         <name>.debug_info</name>
         <load_address>0x1ac61</load_address>
         <run_address>0x1ac61</run_address>
         <size>0x716</size>
         <input_file_ref idref="fl-a9"/>
      </object_component>
      <object_component id="oc-bb">
         <name>.debug_info</name>
         <load_address>0x1b377</load_address>
         <run_address>0x1b377</run_address>
         <size>0x6b9</size>
         <input_file_ref idref="fl-aa"/>
      </object_component>
      <object_component id="oc-be">
         <name>.debug_info</name>
         <load_address>0x1ba30</load_address>
         <run_address>0x1ba30</run_address>
         <size>0x5ff</size>
         <input_file_ref idref="fl-ab"/>
      </object_component>
      <object_component id="oc-c1">
         <name>.debug_info</name>
         <load_address>0x1c02f</load_address>
         <run_address>0x1c02f</run_address>
         <size>0x7f3</size>
         <input_file_ref idref="fl-ac"/>
      </object_component>
      <object_component id="oc-c4">
         <name>.debug_info</name>
         <load_address>0x1c822</load_address>
         <run_address>0x1c822</run_address>
         <size>0x5b3</size>
         <input_file_ref idref="fl-ad"/>
      </object_component>
      <object_component id="oc-18a">
         <name>.debug_info</name>
         <load_address>0x1cdd5</load_address>
         <run_address>0x1cdd5</run_address>
         <size>0x6d</size>
      </object_component>
      <object_component id="oc-19">
         <name>.debug_frame</name>
         <load_address>0x0</load_address>
         <run_address>0x0</run_address>
         <size>0x256</size>
         <input_file_ref idref="fl-2"/>
      </object_component>
      <object_component id="oc-20">
         <name>.debug_frame</name>
         <load_address>0x256</load_address>
         <run_address>0x256</run_address>
         <size>0x280</size>
         <input_file_ref idref="fl-3"/>
      </object_component>
      <object_component id="oc-24">
         <name>.debug_frame</name>
         <load_address>0x4d6</load_address>
         <run_address>0x4d6</run_address>
         <size>0x277</size>
         <input_file_ref idref="fl-4"/>
      </object_component>
      <object_component id="oc-28">
         <name>.debug_frame</name>
         <load_address>0x74d</load_address>
         <run_address>0x74d</run_address>
         <size>0x25d</size>
         <input_file_ref idref="fl-5"/>
      </object_component>
      <object_component id="oc-2d">
         <name>.debug_frame</name>
         <load_address>0x9aa</load_address>
         <run_address>0x9aa</run_address>
         <size>0x31a</size>
         <input_file_ref idref="fl-6"/>
      </object_component>
      <object_component id="oc-1a">
         <name>.debug_line</name>
         <load_address>0x0</load_address>
         <run_address>0x0</run_address>
         <size>0x7b</size>
         <input_file_ref idref="fl-2"/>
      </object_component>
      <object_component id="oc-21">
         <name>.debug_line</name>
         <load_address>0x7b</load_address>
         <run_address>0x7b</run_address>
         <size>0xd9</size>
         <input_file_ref idref="fl-3"/>
      </object_component>
      <object_component id="oc-25">
         <name>.debug_line</name>
         <load_address>0x154</load_address>
         <run_address>0x154</run_address>
         <size>0xa4</size>
         <input_file_ref idref="fl-4"/>
      </object_component>
      <object_component id="oc-29">
         <name>.debug_line</name>
         <load_address>0x1f8</load_address>
         <run_address>0x1f8</run_address>
         <size>0x59</size>
         <input_file_ref idref="fl-5"/>
      </object_component>
      <object_component id="oc-2e">
         <name>.debug_line</name>
         <load_address>0x251</load_address>
         <run_address>0x251</run_address>
         <size>0x2ef</size>
         <input_file_ref idref="fl-6"/>
      </object_component>
      <object_component id="oc-32">
         <name>.debug_line</name>
         <load_address>0x540</load_address>
         <run_address>0x540</run_address>
         <size>0x3d</size>
         <input_file_ref idref="fl-81"/>
      </object_component>
      <object_component id="oc-35">
         <name>.debug_line</name>
         <load_address>0x57d</load_address>
         <run_address>0x57d</run_address>
         <size>0x36</size>
         <input_file_ref idref="fl-82"/>
      </object_component>
      <object_component id="oc-3a">
         <name>.debug_line</name>
         <load_address>0x5b3</load_address>
         <run_address>0x5b3</run_address>
         <size>0x4f</size>
         <input_file_ref idref="fl-83"/>
      </object_component>
      <object_component id="oc-3d">
         <name>.debug_line</name>
         <load_address>0x602</load_address>
         <run_address>0x602</run_address>
         <size>0x53</size>
         <input_file_ref idref="fl-84"/>
      </object_component>
      <object_component id="oc-40">
         <name>.debug_line</name>
         <load_address>0x655</load_address>
         <run_address>0x655</run_address>
         <size>0x3e</size>
         <input_file_ref idref="fl-85"/>
      </object_component>
      <object_component id="oc-45">
         <name>.debug_line</name>
         <load_address>0x693</load_address>
         <run_address>0x693</run_address>
         <size>0x92</size>
         <input_file_ref idref="fl-86"/>
      </object_component>
      <object_component id="oc-48">
         <name>.debug_line</name>
         <load_address>0x725</load_address>
         <run_address>0x725</run_address>
         <size>0x4e</size>
         <input_file_ref idref="fl-87"/>
      </object_component>
      <object_component id="oc-4b">
         <name>.debug_line</name>
         <load_address>0x773</load_address>
         <run_address>0x773</run_address>
         <size>0x3c</size>
         <input_file_ref idref="fl-88"/>
      </object_component>
      <object_component id="oc-4e">
         <name>.debug_line</name>
         <load_address>0x7af</load_address>
         <run_address>0x7af</run_address>
         <size>0x99</size>
         <input_file_ref idref="fl-89"/>
      </object_component>
      <object_component id="oc-53">
         <name>.debug_line</name>
         <load_address>0x848</load_address>
         <run_address>0x848</run_address>
         <size>0x146</size>
         <input_file_ref idref="fl-8a"/>
      </object_component>
      <object_component id="oc-56">
         <name>.debug_line</name>
         <load_address>0x98e</load_address>
         <run_address>0x98e</run_address>
         <size>0x4a</size>
         <input_file_ref idref="fl-8b"/>
      </object_component>
      <object_component id="oc-5c">
         <name>.debug_line</name>
         <load_address>0x9d8</load_address>
         <run_address>0x9d8</run_address>
         <size>0xa7</size>
         <input_file_ref idref="fl-8c"/>
      </object_component>
      <object_component id="oc-5f">
         <name>.debug_line</name>
         <load_address>0xa7f</load_address>
         <run_address>0xa7f</run_address>
         <size>0x46</size>
         <input_file_ref idref="fl-8d"/>
      </object_component>
      <object_component id="oc-62">
         <name>.debug_line</name>
         <load_address>0xac5</load_address>
         <run_address>0xac5</run_address>
         <size>0x6a</size>
         <input_file_ref idref="fl-8e"/>
      </object_component>
      <object_component id="oc-65">
         <name>.debug_line</name>
         <load_address>0xb2f</load_address>
         <run_address>0xb2f</run_address>
         <size>0x39</size>
         <input_file_ref idref="fl-8f"/>
      </object_component>
      <object_component id="oc-68">
         <name>.debug_line</name>
         <load_address>0xb68</load_address>
         <run_address>0xb68</run_address>
         <size>0x66</size>
         <input_file_ref idref="fl-90"/>
      </object_component>
      <object_component id="oc-6c">
         <name>.debug_line</name>
         <load_address>0xbce</load_address>
         <run_address>0xbce</run_address>
         <size>0x13c</size>
         <input_file_ref idref="fl-91"/>
      </object_component>
      <object_component id="oc-70">
         <name>.debug_line</name>
         <load_address>0xd0a</load_address>
         <run_address>0xd0a</run_address>
         <size>0x66</size>
         <input_file_ref idref="fl-92"/>
      </object_component>
      <object_component id="oc-73">
         <name>.debug_line</name>
         <load_address>0xd70</load_address>
         <run_address>0xd70</run_address>
         <size>0x4a</size>
         <input_file_ref idref="fl-93"/>
      </object_component>
      <object_component id="oc-76">
         <name>.debug_line</name>
         <load_address>0xdba</load_address>
         <run_address>0xdba</run_address>
         <size>0x57</size>
         <input_file_ref idref="fl-94"/>
      </object_component>
      <object_component id="oc-7b">
         <name>.debug_line</name>
         <load_address>0xe11</load_address>
         <run_address>0xe11</run_address>
         <size>0x35</size>
         <input_file_ref idref="fl-95"/>
      </object_component>
      <object_component id="oc-7f">
         <name>.debug_line</name>
         <load_address>0xe46</load_address>
         <run_address>0xe46</run_address>
         <size>0x31a</size>
         <input_file_ref idref="fl-96"/>
      </object_component>
      <object_component id="oc-82">
         <name>.debug_line</name>
         <load_address>0x1160</load_address>
         <run_address>0x1160</run_address>
         <size>0x3f</size>
         <input_file_ref idref="fl-97"/>
      </object_component>
      <object_component id="oc-85">
         <name>.debug_line</name>
         <load_address>0x119f</load_address>
         <run_address>0x119f</run_address>
         <size>0x45</size>
         <input_file_ref idref="fl-98"/>
      </object_component>
      <object_component id="oc-88">
         <name>.debug_line</name>
         <load_address>0x11e4</load_address>
         <run_address>0x11e4</run_address>
         <size>0x49</size>
         <input_file_ref idref="fl-99"/>
      </object_component>
      <object_component id="oc-8b">
         <name>.debug_line</name>
         <load_address>0x122d</load_address>
         <run_address>0x122d</run_address>
         <size>0x45</size>
         <input_file_ref idref="fl-9a"/>
      </object_component>
      <object_component id="oc-8e">
         <name>.debug_line</name>
         <load_address>0x1272</load_address>
         <run_address>0x1272</run_address>
         <size>0x44</size>
         <input_file_ref idref="fl-9b"/>
      </object_component>
      <object_component id="oc-97">
         <name>.debug_line</name>
         <load_address>0x12b6</load_address>
         <run_address>0x12b6</run_address>
         <size>0x3c</size>
         <input_file_ref idref="fl-9e"/>
      </object_component>
      <object_component id="oc-9a">
         <name>.debug_line</name>
         <load_address>0x12f2</load_address>
         <run_address>0x12f2</run_address>
         <size>0x44</size>
         <input_file_ref idref="fl-9f"/>
      </object_component>
      <object_component id="oc-9d">
         <name>.debug_line</name>
         <load_address>0x1336</load_address>
         <run_address>0x1336</run_address>
         <size>0x3d</size>
         <input_file_ref idref="fl-a0"/>
      </object_component>
      <object_component id="oc-a0">
         <name>.debug_line</name>
         <load_address>0x1373</load_address>
         <run_address>0x1373</run_address>
         <size>0x3d</size>
         <input_file_ref idref="fl-a1"/>
      </object_component>
      <object_component id="oc-a3">
         <name>.debug_line</name>
         <load_address>0x13b0</load_address>
         <run_address>0x13b0</run_address>
         <size>0x3f</size>
         <input_file_ref idref="fl-a2"/>
      </object_component>
      <object_component id="oc-a7">
         <name>.debug_line</name>
         <load_address>0x13ef</load_address>
         <run_address>0x13ef</run_address>
         <size>0x93</size>
         <input_file_ref idref="fl-a3"/>
      </object_component>
      <object_component id="oc-aa">
         <name>.debug_line</name>
         <load_address>0x1482</load_address>
         <run_address>0x1482</run_address>
         <size>0x3e</size>
         <input_file_ref idref="fl-a4"/>
      </object_component>
      <object_component id="oc-ad">
         <name>.debug_line</name>
         <load_address>0x14c0</load_address>
         <run_address>0x14c0</run_address>
         <size>0x73</size>
         <input_file_ref idref="fl-a5"/>
      </object_component>
      <object_component id="oc-b0">
         <name>.debug_line</name>
         <load_address>0x1533</load_address>
         <run_address>0x1533</run_address>
         <size>0x61</size>
         <input_file_ref idref="fl-a6"/>
      </object_component>
      <object_component id="oc-b3">
         <name>.debug_line</name>
         <load_address>0x1594</load_address>
         <run_address>0x1594</run_address>
         <size>0x38</size>
         <input_file_ref idref="fl-a7"/>
      </object_component>
      <object_component id="oc-b6">
         <name>.debug_line</name>
         <load_address>0x15cc</load_address>
         <run_address>0x15cc</run_address>
         <size>0x56</size>
         <input_file_ref idref="fl-a8"/>
      </object_component>
      <object_component id="oc-b9">
         <name>.debug_line</name>
         <load_address>0x1622</load_address>
         <run_address>0x1622</run_address>
         <size>0x40</size>
         <input_file_ref idref="fl-a9"/>
      </object_component>
      <object_component id="oc-bc">
         <name>.debug_line</name>
         <load_address>0x1662</load_address>
         <run_address>0x1662</run_address>
         <size>0x3f</size>
         <input_file_ref idref="fl-aa"/>
      </object_component>
      <object_component id="oc-bf">
         <name>.debug_line</name>
         <load_address>0x16a1</load_address>
         <run_address>0x16a1</run_address>
         <size>0x39</size>
         <input_file_ref idref="fl-ab"/>
      </object_component>
      <object_component id="oc-c2">
         <name>.debug_line</name>
         <load_address>0x16da</load_address>
         <run_address>0x16da</run_address>
         <size>0x3f</size>
         <input_file_ref idref="fl-ac"/>
      </object_component>
      <object_component id="oc-c5">
         <name>.debug_line</name>
         <load_address>0x1719</load_address>
         <run_address>0x1719</run_address>
         <size>0x23</size>
         <input_file_ref idref="fl-ad"/>
      </object_component>
      <object_component id="oc-1b">
         <name>.debug_abbrev</name>
         <load_address>0x0</load_address>
         <run_address>0x0</run_address>
         <size>0x92</size>
         <input_file_ref idref="fl-2"/>
      </object_component>
      <object_component id="oc-22">
         <name>.debug_abbrev</name>
         <load_address>0x92</load_address>
         <run_address>0x92</run_address>
         <size>0x15d</size>
         <input_file_ref idref="fl-3"/>
      </object_component>
      <object_component id="oc-26">
         <name>.debug_abbrev</name>
         <load_address>0x1ef</load_address>
         <run_address>0x1ef</run_address>
         <size>0xb4</size>
         <input_file_ref idref="fl-4"/>
      </object_component>
      <object_component id="oc-2a">
         <name>.debug_abbrev</name>
         <load_address>0x2a3</load_address>
         <run_address>0x2a3</run_address>
         <size>0xe7</size>
         <input_file_ref idref="fl-5"/>
      </object_component>
      <object_component id="oc-2f">
         <name>.debug_abbrev</name>
         <load_address>0x38a</load_address>
         <run_address>0x38a</run_address>
         <size>0x19d</size>
         <input_file_ref idref="fl-6"/>
      </object_component>
      <object_component id="oc-33">
         <name>.debug_abbrev</name>
         <load_address>0x527</load_address>
         <run_address>0x527</run_address>
         <size>0xfe</size>
         <input_file_ref idref="fl-81"/>
      </object_component>
      <object_component id="oc-36">
         <name>.debug_abbrev</name>
         <load_address>0x625</load_address>
         <run_address>0x625</run_address>
         <size>0x91</size>
         <input_file_ref idref="fl-82"/>
      </object_component>
      <object_component id="oc-3b">
         <name>.debug_abbrev</name>
         <load_address>0x6b6</load_address>
         <run_address>0x6b6</run_address>
         <size>0x119</size>
         <input_file_ref idref="fl-83"/>
      </object_component>
      <object_component id="oc-3e">
         <name>.debug_abbrev</name>
         <load_address>0x7cf</load_address>
         <run_address>0x7cf</run_address>
         <size>0x130</size>
         <input_file_ref idref="fl-84"/>
      </object_component>
      <object_component id="oc-41">
         <name>.debug_abbrev</name>
         <load_address>0x8ff</load_address>
         <run_address>0x8ff</run_address>
         <size>0x12d</size>
         <input_file_ref idref="fl-85"/>
      </object_component>
      <object_component id="oc-46">
         <name>.debug_abbrev</name>
         <load_address>0xa2c</load_address>
         <run_address>0xa2c</run_address>
         <size>0x1cd</size>
         <input_file_ref idref="fl-86"/>
      </object_component>
      <object_component id="oc-49">
         <name>.debug_abbrev</name>
         <load_address>0xbf9</load_address>
         <run_address>0xbf9</run_address>
         <size>0x12e</size>
         <input_file_ref idref="fl-87"/>
      </object_component>
      <object_component id="oc-4c">
         <name>.debug_abbrev</name>
         <load_address>0xd27</load_address>
         <run_address>0xd27</run_address>
         <size>0xf7</size>
         <input_file_ref idref="fl-88"/>
      </object_component>
      <object_component id="oc-4f">
         <name>.debug_abbrev</name>
         <load_address>0xe1e</load_address>
         <run_address>0xe1e</run_address>
         <size>0x139</size>
         <input_file_ref idref="fl-89"/>
      </object_component>
      <object_component id="oc-54">
         <name>.debug_abbrev</name>
         <load_address>0xf57</load_address>
         <run_address>0xf57</run_address>
         <size>0x215</size>
         <input_file_ref idref="fl-8a"/>
      </object_component>
      <object_component id="oc-57">
         <name>.debug_abbrev</name>
         <load_address>0x116c</load_address>
         <run_address>0x116c</run_address>
         <size>0x3a</size>
         <input_file_ref idref="fl-8b"/>
      </object_component>
      <object_component id="oc-5d">
         <name>.debug_abbrev</name>
         <load_address>0x11a6</load_address>
         <run_address>0x11a6</run_address>
         <size>0x1f8</size>
         <input_file_ref idref="fl-8c"/>
      </object_component>
      <object_component id="oc-60">
         <name>.debug_abbrev</name>
         <load_address>0x139e</load_address>
         <run_address>0x139e</run_address>
         <size>0xd0</size>
         <input_file_ref idref="fl-8d"/>
      </object_component>
      <object_component id="oc-63">
         <name>.debug_abbrev</name>
         <load_address>0x146e</load_address>
         <run_address>0x146e</run_address>
         <size>0x161</size>
         <input_file_ref idref="fl-8e"/>
      </object_component>
      <object_component id="oc-66">
         <name>.debug_abbrev</name>
         <load_address>0x15cf</load_address>
         <run_address>0x15cf</run_address>
         <size>0xab</size>
         <input_file_ref idref="fl-8f"/>
      </object_component>
      <object_component id="oc-69">
         <name>.debug_abbrev</name>
         <load_address>0x167a</load_address>
         <run_address>0x167a</run_address>
         <size>0x108</size>
         <input_file_ref idref="fl-90"/>
      </object_component>
      <object_component id="oc-6d">
         <name>.debug_abbrev</name>
         <load_address>0x1782</load_address>
         <run_address>0x1782</run_address>
         <size>0x180</size>
         <input_file_ref idref="fl-91"/>
      </object_component>
      <object_component id="oc-71">
         <name>.debug_abbrev</name>
         <load_address>0x1902</load_address>
         <run_address>0x1902</run_address>
         <size>0xd5</size>
         <input_file_ref idref="fl-92"/>
      </object_component>
      <object_component id="oc-74">
         <name>.debug_abbrev</name>
         <load_address>0x19d7</load_address>
         <run_address>0x19d7</run_address>
         <size>0x10e</size>
         <input_file_ref idref="fl-93"/>
      </object_component>
      <object_component id="oc-77">
         <name>.debug_abbrev</name>
         <load_address>0x1ae5</load_address>
         <run_address>0x1ae5</run_address>
         <size>0xd1</size>
         <input_file_ref idref="fl-94"/>
      </object_component>
      <object_component id="oc-7c">
         <name>.debug_abbrev</name>
         <load_address>0x1bb6</load_address>
         <run_address>0x1bb6</run_address>
         <size>0x9f</size>
         <input_file_ref idref="fl-95"/>
      </object_component>
      <object_component id="oc-80">
         <name>.debug_abbrev</name>
         <load_address>0x1c55</load_address>
         <run_address>0x1c55</run_address>
         <size>0x1d1</size>
         <input_file_ref idref="fl-96"/>
      </object_component>
      <object_component id="oc-83">
         <name>.debug_abbrev</name>
         <load_address>0x1e26</load_address>
         <run_address>0x1e26</run_address>
         <size>0xe1</size>
         <input_file_ref idref="fl-97"/>
      </object_component>
      <object_component id="oc-86">
         <name>.debug_abbrev</name>
         <load_address>0x1f07</load_address>
         <run_address>0x1f07</run_address>
         <size>0xcc</size>
         <input_file_ref idref="fl-98"/>
      </object_component>
      <object_component id="oc-89">
         <name>.debug_abbrev</name>
         <load_address>0x1fd3</load_address>
         <run_address>0x1fd3</run_address>
         <size>0x13f</size>
         <input_file_ref idref="fl-99"/>
      </object_component>
      <object_component id="oc-8c">
         <name>.debug_abbrev</name>
         <load_address>0x2112</load_address>
         <run_address>0x2112</run_address>
         <size>0xdd</size>
         <input_file_ref idref="fl-9a"/>
      </object_component>
      <object_component id="oc-8f">
         <name>.debug_abbrev</name>
         <load_address>0x21ef</load_address>
         <run_address>0x21ef</run_address>
         <size>0x10c</size>
         <input_file_ref idref="fl-9b"/>
      </object_component>
      <object_component id="oc-91">
         <name>.debug_abbrev</name>
         <load_address>0x22fb</load_address>
         <run_address>0x22fb</run_address>
         <size>0x5f</size>
         <input_file_ref idref="fl-9c"/>
      </object_component>
      <object_component id="oc-95">
         <name>.debug_abbrev</name>
         <load_address>0x235a</load_address>
         <run_address>0x235a</run_address>
         <size>0x8e</size>
         <input_file_ref idref="fl-9d"/>
      </object_component>
      <object_component id="oc-98">
         <name>.debug_abbrev</name>
         <load_address>0x23e8</load_address>
         <run_address>0x23e8</run_address>
         <size>0xf5</size>
         <input_file_ref idref="fl-9e"/>
      </object_component>
      <object_component id="oc-9b">
         <name>.debug_abbrev</name>
         <load_address>0x24dd</load_address>
         <run_address>0x24dd</run_address>
         <size>0x3a</size>
         <input_file_ref idref="fl-9f"/>
      </object_component>
      <object_component id="oc-9e">
         <name>.debug_abbrev</name>
         <load_address>0x2517</load_address>
         <run_address>0x2517</run_address>
         <size>0xac</size>
         <input_file_ref idref="fl-a0"/>
      </object_component>
      <object_component id="oc-a1">
         <name>.debug_abbrev</name>
         <load_address>0x25c3</load_address>
         <run_address>0x25c3</run_address>
         <size>0xc3</size>
         <input_file_ref idref="fl-a1"/>
      </object_component>
      <object_component id="oc-a4">
         <name>.debug_abbrev</name>
         <load_address>0x2686</load_address>
         <run_address>0x2686</run_address>
         <size>0x11f</size>
         <input_file_ref idref="fl-a2"/>
      </object_component>
      <object_component id="oc-a8">
         <name>.debug_abbrev</name>
         <load_address>0x27a5</load_address>
         <run_address>0x27a5</run_address>
         <size>0x14b</size>
         <input_file_ref idref="fl-a3"/>
      </object_component>
      <object_component id="oc-ab">
         <name>.debug_abbrev</name>
         <load_address>0x28f0</load_address>
         <run_address>0x28f0</run_address>
         <size>0x8c</size>
         <input_file_ref idref="fl-a4"/>
      </object_component>
[...]
            <allocated_space>
               <start_address>0xc0809280</start_address>
               <size>0x4a0</size>
               <logical_group_ref idref="lg-a"/>
            </allocated_space>
            <allocated_space>
               <start_address>0xc0809720</start_address>
               <size>0x3af</size>
               <logical_group_ref idref="lg-6"/>
            </allocated_space>
            <available_space>
               <start_address>0xc0809acf</start_address>
               <size>0x1</size>
            </available_space>
            <allocated_space>
               <start_address>0xc0809ad0</start_address>
               <size>0x154</size>
               <logical_group_ref idref="lg-f"/>
            </allocated_space>
            <available_space>
               <start_address>0xc0809c24</start_address>
               <size>0x4</size>
            </available_space>
            <allocated_space>
               <start_address>0xc0809c28</start_address>
               <size>0x120</size>
               <logical_group_ref idref="lg-5"/>
            </allocated_space>
            <allocated_space>
               <start_address>0xc0809d48</start_address>
               <size>0xc</size>
               <logical_group_ref idref="lg-4"/>
            </allocated_space>
            <available_space>
               <start_address>0xc0809d54</start_address>
               <size>0x1f7f62ac</size>
            </available_space>
         </usage_details>
      </memory_area>
   </placement_map>
   <symbol_table>
      <symbol id="sm-0">
         <name>cinit</name>
         <value>0xc0809ad0</value>
      </symbol>
      <symbol id="sm-1">
         <name>___cinit__</name>
         <value>0xc0809ad0</value>
      </symbol>
      <symbol id="sm-2">
         <name>pinit</name>
         <value>0xffffffff</value>
      </symbol>
      <symbol id="sm-3">
         <name>___pinit__</name>
         <value>0xffffffff</value>
      </symbol>
      <symbol id="sm-4">
         <name>binit</name>
         <value>0xffffffff</value>
      </symbol>
      <symbol id="sm-5">
         <name>___binit__</name>
         <value>0xffffffff</value>
      </symbol>
      <symbol id="sm-6">
         <name>__STACK_SIZE</name>
         <value>0x1000</value>
      </symbol>
      <symbol id="sm-7">
         <name>__STACK_END</name>
         <value>0xc0809280</value>
      </symbol>
      <symbol id="sm-8">
         <name>__SYSMEM_SIZE</name>
         <value>0x800000</value>
      </symbol>
      <symbol id="sm-9">
         <name>___c_args__</name>
         <value>0xffffffff</value>
      </symbol>
      <symbol id="sm-a">
         <name>.text</name>
         <value>0xc0800000</value>
      </symbol>
      <symbol id="sm-b">
         <name>___text__</name>
         <value>0xc0800000</value>
      </symbol>
      <symbol id="sm-c">
         <name>etext</name>
         <value>0xc0808280</value>
      </symbol>
      <symbol id="sm-d">
         <name>___etext__</name>
         <value>0xc0808280</value>
      </symbol>
      <symbol id="sm-e">
         <name>.data</name>
         <value>0xc0000000</value>
      </symbol>
      <symbol id="sm-f">
         <name>___data__</name>
         <value>0xc0000000</value>
      </symbol>
      <symbol id="sm-10">
         <name>edata</name>
         <value>0xc0000000</value>
      </symbol>
      <symbol id="sm-11">
         <name>___edata__</name>
         <value>0xc0000000</value>
      </symbol>
      <symbol id="sm-12">
         <name>.bss</name>
         <value>0xc0809d48</value>
      </symbol>
      <symbol id="sm-13">
         <name>___bss__</name>
         <value>0xc0809d48</value>
      </symbol>
      <symbol id="sm-14">
         <name>end</name>
         <value>0xc0809d54</value>
      </symbol>
      <symbol id="sm-15">
         <name>___end__</name>
         <value>0xc0809d54</value>
      </symbol>
      <symbol id="sm-16">
         <name>___TI_pprof_out_hndl</name>
         <value>0xffffffff</value>
      </symbol>
      <symbol id="sm-17">
         <name>___TI_prof_data_start</name>
         <value>0xffffffff</value>
      </symbol>
      <symbol id="sm-18">
         <name>___TI_prof_data_size</name>
         <value>0xffffffff</value>
      </symbol>
      <symbol id="sm-19">
         <name>$bss</name>
         <value>0xc0809d48</value>
      </symbol>
      <symbol id="sm-56">
         <name>_process_pixels_dblexp_asm</name>
         <value>0xc08060e0</value>
         <object_component_ref idref="oc-104"/>
      </symbol>
      <symbol id="sm-c5">
         <name>_main</name>
         <value>0xc0801c08</value>
         <object_component_ref idref="oc-d5"/>
      </symbol>
      <symbol id="sm-c6">
         <name>_p_bmpFileHead</name>
         <value>0xc0809d48</value>
         <object_component_ref idref="oc-1c"/>
      </symbol>
      <symbol id="sm-c7">
         <name>_dblexp_create</name>
         <value>0xc08096c4</value>
         <object_component_ref idref="oc-1e"/>
      </symbol>
      <symbol id="sm-c8">
         <name>_dblexp_state</name>
         <value>0xc08096ec</value>
         <object_component_ref idref="oc-1e"/>
      </symbol>
      <symbol id="sm-c9">
         <name>_dblexp_frame</name>
         <value>0xc08096d4</value>
         <object_component_ref idref="oc-1e"/>
      </symbol>
      <symbol id="sm-ca">
         <name>_handle</name>
         <value>0xc0809d50</value>
         <object_component_ref idref="oc-1c"/>
      </symbol>
      <symbol id="sm-cb">
         <name>_p_bmpInfoHead</name>
         <value>0xc0809d4c</value>
         <object_component_ref idref="oc-1c"/>
      </symbol>
      <symbol id="sm-cc">
         <name>_process_single_image</name>
         <value>0xc0801740</value>
         <object_component_ref idref="oc-d5"/>
      </symbol>
      <symbol id="sm-ea">
         <name>_plRGB2pkRGB</name>
         <value>0xc0804378</value>
         <object_component_ref idref="oc-105"/>
      </symbol>
      <symbol id="sm-eb">
         <name>_pkRGB2plRGB</name>
         <value>0xc0804260</value>
         <object_component_ref idref="oc-105"/>
      </symbol>
      <symbol id="sm-fe">
         <name>_image_double_exposure</name>
         <value>0xc0807c60</value>
         <object_component_ref idref="oc-e2"/>
      </symbol>
      <symbol id="sm-168">
         <name>_process_pixels_intrinsic</name>
         <value>0xc08001c8</value>
         <object_component_ref idref="oc-f5"/>
      </symbol>
      <symbol id="sm-169">
         <name>_Nanwan_alg_create</name>
         <value>0xc0800900</value>
         <object_component_ref idref="oc-f5"/>
      </symbol>
      <symbol id="sm-16a">
         <name>_process_pixels_linear</name>
         <value>0xc0800640</value>
         <object_component_ref idref="oc-f5"/>
      </symbol>
      <symbol id="sm-16b">
         <name>_Nanwan_alg_process</name>
         <value>0xc08007a8</value>
         <object_component_ref idref="oc-f5"/>
      </symbol>
      <symbol id="sm-16c">
         <name>_Nanwan_alg_destroy</name>
         <value>0xc0800b88</value>
         <object_component_ref idref="oc-f5"/>
      </symbol>
      <symbol id="sm-16d">
         <name>_process_pixels_c</name>
         <value>0xc0800000</value>
         <object_component_ref idref="oc-f5"/>
      </symbol>
      <symbol id="sm-17c">
         <name>_c_int00</name>
         <value>0xc0807ae0</value>
         <object_component_ref idref="oc-17"/>
      </symbol>
      <symbol id="sm-17d">
         <name>__stack</name>
         <value>0xc0808280</value>
         <object_component_ref idref="oc-31"/>
      </symbol>
      <symbol id="sm-187">
         <name>_clock</name>
         <value>0xc0808240</value>
         <object_component_ref idref="oc-e1"/>
      </symbol>
      <symbol id="sm-19e">
         <name>C$$EXIT</name>
         <value>0xc0808220</value>
         <object_component_ref idref="oc-d6"/>
      </symbol>
      <symbol id="sm-19f">
         <name>_exit</name>
         <value>0xc0806e60</value>
         <object_component_ref idref="oc-c9"/>
      </symbol>
      <symbol id="sm-1a0">
         <name>___TI_enable_exit_profile_output</name>
         <value>0xc0809704</value>
         <object_component_ref idref="oc-39"/>
      </symbol>
      <symbol id="sm-1a1">
         <name>_abort</name>
         <value>0xc0808220</value>
         <object_component_ref idref="oc-d6"/>
      </symbol>
      <symbol id="sm-1a2">
         <name>__cleanup_ptr</name>
         <value>0xc08096fc</value>
         <object_component_ref idref="oc-39"/>
      </symbol>
      <symbol id="sm-1a3">
         <name>__dtors_ptr</name>
         <value>0xc0809700</value>
         <object_component_ref idref="oc-39"/>
      </symbol>
      <symbol id="sm-1b9">
         <name>__closefile</name>
         <value>0xc0805c60</value>
         <object_component_ref idref="oc-e9"/>
      </symbol>
      <symbol id="sm-1ba">
         <name>_fclose</name>
         <value>0xc0807d80</value>
         <object_component_ref idref="oc-db"/>
      </symbol>
      <symbol id="sm-1c7">
         <name>__doflush</name>
         <value>0xc0806ce0</value>
         <object_component_ref idref="oc-f2"/>
      </symbol>
      <symbol id="sm-1f0">
         <name>__cleanup</name>
         <value>0xc0807120</value>
         <object_component_ref idref="oc-ff"/>
      </symbol>
      <symbol id="sm-1f1">
         <name>_fopen</name>
         <value>0xc0807de0</value>
         <object_component_ref idref="oc-da"/>
      </symbol>
      <symbol id="sm-20f">
         <name>_fread</name>
         <value>0xc0803320</value>
         <object_component_ref idref="oc-de"/>
      </symbol>
      <symbol id="sm-220">
         <name>_fseek</name>
         <value>0xc0805fc0</value>
         <object_component_ref idref="oc-e0"/>
      </symbol>
      <symbol id="sm-24a">
         <name>_fwrite</name>
         <value>0xc0801c60</value>
         <object_component_ref idref="oc-e3"/>
      </symbol>
      <symbol id="sm-29f">
         <name>_read</name>
         <value>0xc08078a0</value>
         <object_component_ref idref="oc-f1"/>
      </symbol>
      <symbol id="sm-2a0">
         <name>_unlink</name>
         <value>0xc0807be0</value>
         <object_component_ref idref="oc-10c"/>
      </symbol>
      <symbol id="sm-2a1">
         <name>_open</name>
         <value>0xc0805740</value>
         <object_component_ref idref="oc-100"/>
      </symbol>
      <symbol id="sm-2a2">
         <name>_lseek</name>
         <value>0xc0807620</value>
         <object_component_ref idref="oc-f3"/>
      </symbol>
      <symbol id="sm-2a3">
         <name>_close</name>
         <value>0xc08065c0</value>
         <object_component_ref idref="oc-101"/>
      </symbol>
      <symbol id="sm-2a4">
         <name>_write</name>
         <value>0xc0807940</value>
         <object_component_ref idref="oc-f7"/>
      </symbol>
      <symbol id="sm-2ac">
         <name>_memcpy</name>
         <value>0xc08076c0</value>
         <object_component_ref idref="oc-d3"/>
      </symbol>
      <symbol id="sm-2e5">
         <name>__sys_memory</name>
         <value>0xc0000000</value>
         <object_component_ref idref="oc-5b"/>
      </symbol>
      <symbol id="sm-2e6">
         <name>_free</name>
         <value>0xc0803b20</value>
         <object_component_ref idref="oc-df"/>
      </symbol>
      <symbol id="sm-2e7">
         <name>_malloc</name>
         <value>0xc08055c0</value>
         <object_component_ref idref="oc-dd"/>
      </symbol>
      <symbol id="sm-2f2">
         <name>_memset</name>
         <value>0xc08066a0</value>
         <object_component_ref idref="oc-fe"/>
      </symbol>
      <symbol id="sm-307">
         <name>_printf</name>
         <value>0xc0806780</value>
         <object_component_ref idref="oc-d9"/>
      </symbol>
      <symbol id="sm-311">
         <name>_remove</name>
         <value>0xc0808260</value>
         <object_component_ref idref="oc-102"/>
      </symbol>
      <symbol id="sm-321">
         <name>_sprintf</name>
         <value>0xc0807ea0</value>
         <object_component_ref idref="oc-dc"/>
      </symbol>
      <symbol id="sm-34e">
         <name>_HOSTopen</name>
         <value>0xc0806400</value>
         <object_component_ref idref="oc-ca"/>
      </symbol>
      <symbol id="sm-34f">
         <name>_HOSTread</name>
         <value>0xc0806860</value>
         <object_component_ref idref="oc-cc"/>
      </symbol>
      <symbol id="sm-350">
         <name>_HOSTrename</name>
         <value>0xc0805440</value>
         <object_component_ref idref="oc-d0"/>
      </symbol>
      <symbol id="sm-351">
         <name>_HOSTclock</name>
         <value>0xc0806fe0</value>
         <object_component_ref idref="oc-f4"/>
      </symbol>
      <symbol id="sm-352">
         <name>_HOSTwrite</name>
         <value>0xc08069e0</value>
         <object_component_ref idref="oc-cd"/>
      </symbol>
      <symbol id="sm-353">
         <name>_HOSTlseek</name>
         <value>0xc0806200</value>
         <object_component_ref idref="oc-ce"/>
      </symbol>
      <symbol id="sm-354">
         <name>_HOSTunlink</name>
         <value>0xc0806920</value>
         <object_component_ref idref="oc-cf"/>
      </symbol>
      <symbol id="sm-355">
         <name>_HOSTclose</name>
         <value>0xc0807080</value>
         <object_component_ref idref="oc-cb"/>
      </symbol>
      <symbol id="sm-365">
         <name>C$$IO$$</name>
         <value>0xc0807fb8</value>
         <object_component_ref idref="oc-d7"/>
      </symbol>
      <symbol id="sm-366">
         <name>__CIOBUF_</name>
         <value>0xc0809c28</value>
         <object_component_ref idref="oc-6f"/>
      </symbol>
      <symbol id="sm-367">
         <name>_readmsg</name>
         <value>0xc0807b60</value>
         <object_component_ref idref="oc-d8"/>
      </symbol>
      <symbol id="sm-368">
         <name>_writemsg</name>
         <value>0xc0807f60</value>
         <object_component_ref idref="oc-d7"/>
      </symbol>
      <symbol id="sm-376">
         <name>__buff_read</name>
         <value>0xc0805b40</value>
         <object_component_ref idref="oc-ef"/>
      </symbol>
      <symbol id="sm-38a">
         <name>__rd_ok</name>
         <value>0xc0806da0</value>
         <object_component_ref idref="oc-ee"/>
      </symbol>
      <symbol id="sm-38b">
         <name>__wrt_ok</name>
         <value>0xc0806300</value>
         <object_component_ref idref="oc-f6"/>
      </symbol>
      <symbol id="sm-399">
         <name>__unlock</name>
         <value>0xc080970c</value>
         <object_component_ref idref="oc-7a"/>
      </symbol>
      <symbol id="sm-39a">
         <name>__lock</name>
         <value>0xc0809708</value>
         <object_component_ref idref="oc-7a"/>
      </symbol>
      <symbol id="sm-39b">
         <name>__nop</name>
         <value>0xc08081a0</value>
         <object_component_ref idref="oc-d1"/>
      </symbol>
      <symbol id="sm-4a5">
         <name>__printfi</name>
         <value>0xc0802120</value>
         <object_component_ref idref="oc-e5"/>
      </symbol>
      <symbol id="sm-4af">
         <name>__args_main</name>
         <value>0xc0808040</value>
         <object_component_ref idref="oc-c8"/>
      </symbol>
      <symbol id="sm-4b0">
         <name>__TI_args_main</name>
         <value>0x1</value>
      </symbol>
      <symbol id="sm-4be">
         <name>_atoi</name>
         <value>0xc08064e0</value>
         <object_component_ref idref="oc-106"/>
      </symbol>
      <symbol id="sm-4cd">
         <name>__auto_init</name>
         <value>0xc0806aa0</value>
         <object_component_ref idref="oc-c7"/>
      </symbol>
      <symbol id="sm-4da">
         <name>___TI_cpp_init</name>
         <value>0xc0807cc0</value>
         <object_component_ref idref="oc-d4"/>
      </symbol>
      <symbol id="sm-4e8">
         <name>_copy_in</name>
         <value>0xc08074e0</value>
         <object_component_ref idref="oc-d2"/>
      </symbol>
      <symbol id="sm-4f0">
         <name>__ctypes_</name>
         <value>0xc0809968</value>
         <object_component_ref idref="oc-10d"/>
      </symbol>
      <symbol id="sm-4fa">
         <name>__tmpnams</name>
         <value>0xc0809460</value>
         <object_component_ref idref="oc-94"/>
      </symbol>
      <symbol id="sm-4fb">
         <name>__ft_end</name>
         <value>0xc08095a0</value>
         <object_component_ref idref="oc-94"/>
      </symbol>
      <symbol id="sm-4fc">
         <name>__ftable</name>
         <value>0xc0809280</value>
         <object_component_ref idref="oc-94"/>
      </symbol>
      <symbol id="sm-50e">
         <name>__divd</name>
         <value>0xc0800c20</value>
         <object_component_ref idref="oc-11c"/>
      </symbol>
      <symbol id="sm-517">
         <name>__c6xabi_divu</name>
         <value>0xc0806c20</value>
         <object_component_ref idref="oc-f0"/>
      </symbol>
      <symbol id="sm-518">
         <name>__divu</name>
         <value>0xc0806c20</value>
         <object_component_ref idref="oc-f0"/>
      </symbol>
      <symbol id="sm-525">
         <name>__fixdli</name>
         <value>0xc08073a0</value>
         <object_component_ref idref="oc-11e"/>
      </symbol>
      <symbol id="sm-530">
         <name>__fltlid</name>
         <value>0xc08079e0</value>
         <object_component_ref idref="oc-120"/>
      </symbol>
      <symbol id="sm-54b">
         <name>_putc</name>
         <value>0xc0804900</value>
         <object_component_ref idref="oc-fd"/>
      </symbol>
      <symbol id="sm-54c">
         <name>_fputc</name>
         <value>0xc0804900</value>
         <object_component_ref idref="oc-fd"/>
      </symbol>
      <symbol id="sm-56e">
         <name>_fputs</name>
         <value>0xc08029a0</value>
         <object_component_ref idref="oc-f8"/>
      </symbol>
      <symbol id="sm-578">
         <name>__frcmpyd_div</name>
         <value>0xc0808080</value>
         <object_component_ref idref="oc-122"/>
      </symbol>
      <symbol id="sm-588">
         <name>__divul</name>
         <value>0xc08052a0</value>
         <object_component_ref idref="oc-123"/>
      </symbol>
      <symbol id="sm-589">
         <name>__remli</name>
         <value>0xc0808140</value>
         <object_component_ref idref="oc-125"/>
      </symbol>
      <symbol id="sm-58a">
         <name>__divli</name>
         <value>0xc08071c0</value>
         <object_component_ref idref="oc-126"/>
      </symbol>
      <symbol id="sm-59e">
         <name>__subcull</name>
         <value>0xc0807d20</value>
         <object_component_ref idref="oc-128"/>
      </symbol>
      <symbol id="sm-59f">
         <name>__divull</name>
         <value>0xc0803da0</value>
         <object_component_ref idref="oc-124"/>
      </symbol>
      <symbol id="sm-5a9">
         <name>___isinf</name>
         <value>0xc0807fc0</value>
         <object_component_ref idref="oc-10f"/>
      </symbol>
      <symbol id="sm-5b7">
         <name>__llshl</name>
         <value>0xc0807a60</value>
         <object_component_ref idref="oc-127"/>
      </symbol>
      <symbol id="sm-5b8">
         <name>__llshru</name>
         <value>0xc08080c0</value>
         <object_component_ref idref="oc-121"/>
      </symbol>
      <symbol id="sm-5c5">
         <name>_ltoa</name>
         <value>0xc0806f20</value>
         <object_component_ref idref="oc-11f"/>
      </symbol>
      <symbol id="sm-5d2">
         <name>_memccpy</name>
         <value>0xc0807e40</value>
         <object_component_ref idref="oc-109"/>
      </symbol>
      <symbol id="sm-5dc">
         <name>__negll</name>
         <value>0xc0808180</value>
         <object_component_ref idref="oc-114"/>
      </symbol>
      <symbol id="sm-5f2">
         <name>_setvbuf</name>
         <value>0xc0804d20</value>
         <object_component_ref idref="oc-103"/>
      </symbol>
   </symbol_table>
</link_info>
