******************************************************************************
               TMS320C6x Linker PC v7.4.4                      
******************************************************************************
>> Linked Sat May 17 16:57:34 2025

OUTPUT FILE NAME:   <Image_exposure.out>
ENTRY POINT SYMBOL: "_c_int00"  address: c0087ae0


MEMORY CONFIGURATION

         name            origin    length      used     unused   attr    fill
----------------------  --------  ---------  --------  --------  ----  --------
  DSPL2ROM              00700000   00100000  00000000  00100000  RWIX
  DSPL2RAM              00800000   00040000  00000000  00040000  RWIX
  DSPL1PRAM             00e00000   00008000  00000000  00008000  RWIX
  DSPL1DRAM             00f00000   00008000  00000000  00008000  RWIX
  SHDSPL2ROM            11700000   00100000  00000000  00100000  RWIX
  SHDSPL2RAM            11800000   00040000  00000000  00040000  RWIX
  SHDSPL1PRAM           11e00000   00008000  00000000  00008000  RWIX
  SHDSPL1DRAM           11f00000   00008000  00000000  00008000  RWIX
  EMIFACS0              40000000   20000000  00000000  20000000  RWIX
  EMIFACS2              60000000   02000000  00000000  02000000  RWIX
  EMIFACS3              62000000   02000000  00000000  02000000  RWIX
  EMIFACS4              64000000   02000000  00000000  02000000  RWIX
  EMIFACS5              66000000   02000000  00000000  02000000  RWIX
  SHRAM                 80000000   00020000  00000000  00020000  RWIX
  DDR2                  c0000000   20000000  00089d4f  1ff762b1  RWIX


SECTION ALLOCATION MAP

 output                                  attributes/
section   page    origin      length       input sections
--------  ----  ----------  ----------   ----------------
.pinit     0    c0000000    00000000     UNINITIALIZED

.data      0    c0000000    00000000     UNINITIALIZED

.sysmem    0    c0000000    00080000     UNINITIALIZED
                  c0000000    00000008     rts6740.lib : memory.obj (.sysmem)
                  c0000008    0007fff8     --HOLE--

.text      0    c0080000    00008280     
                  c0080000    00000c20     DoubleExposureCore.obj (.text)
                  c0080c20    000005a0     rts6740.lib : divd.obj (.text:__divd)
                  c00811c0    00000580                 : _printfi.obj (.text:__getarg_diouxp)
                  c0081740    00000520     main.obj (.text)
                  c0081c60    000004c0     rts6740.lib : fwrite.obj (.text:_fwrite)
                  c0082120    00000440                 : _printfi.obj (.text:__printfi)
                  c0082560    00000440                 : _printfi.obj (.text:__setfield)
                  c00829a0    000003a0                 : fputs.obj (.text:_fputs)
                  c0082d40    00000320                 : _printfi.obj (.text:__pproc_fge)
                  c0083060    000002c0                 : _printfi.obj (.text:__pproc_fwp)
                  c0083320    000002c0                 : fread.obj (.text:_fread)
                  c00835e0    000002a0                 : _printfi.obj (.text:_ecvt)
                  c0083880    000002a0                 : _printfi.obj (.text:_fcvt)
                  c0083b20    00000280                 : memory.obj (.text:_free)
                  c0083da0    00000260                 : imath64.obj (.text:__divull)
                  c0084000    00000260                 : _printfi.obj (.text:__pconv_e)
                  c0084260    00000240     RGB2RGB.obj (.text)
                  c00844a0    00000240     rts6740.lib : _printfi.obj (.text:__pproc_diouxp)
                  c00846e0    00000220                 : _printfi.obj (.text:__pproc_str)
                  c0084900    00000220                 : fputc.obj (.text:_fputc)
                  c0084b20    00000200                 : _printfi.obj (.text:__pconv_g)
                  c0084d20    00000200                 : setvbuf.obj (.text:_setvbuf)
                  c0084f20    000001c0                 : _printfi.obj (.text:__mcpy)
                  c00850e0    000001c0                 : fopen.obj (.text:__openfile)
                  c00852a0    000001a0                 : imath40.obj (.text:__divul)
                  c0085440    00000180                 : trgdrv.obj (.text:_HOSTrename)
                  c00855c0    00000180                 : memory.obj (.text:_malloc)
                  c0085740    00000180                 : lowlev.obj (.text:_open)
                  c00858c0    00000140                 : _printfi.obj (.text:__pproc_fflags)
                  c0085a00    00000140                 : lowlev.obj (.text:_getdevice)
                  c0085b40    00000120                 : _bufread.obj (.text:__buff_read)
                  c0085c60    00000120                 : fclose.obj (.text:__closefile)
                  c0085d80    00000120                 : _printfi.obj (.text:__ltostr)
                  c0085ea0    00000120                 : fopen.obj (.text:__search_fp)
                  c0085fc0    00000120                 : fseek.obj (.text:_fseek)
                  c00860e0    00000120     process_pixels_dblexp_asm.obj (.text)
                  c0086200    00000100     rts6740.lib : trgdrv.obj (.text:_HOSTlseek)
                  c0086300    00000100                 : _io_perm.obj (.text:__wrt_ok)
                  c0086400    000000e0                 : trgdrv.obj (.text:_HOSTopen)
                  c00864e0    000000e0                 : atoi.obj (.text:_atoi)
                  c00865c0    000000e0                 : lowlev.obj (.text:_close)
                  c00866a0    000000e0                 : memset.obj (.text:_memset)
                  c0086780    000000e0                 : printf.obj (.text:_printf)
                  c0086860    000000c0                 : trgdrv.obj (.text:_HOSTread)
                  c0086920    000000c0                 : trgdrv.obj (.text:_HOSTunlink)
                  c00869e0    000000c0                 : trgdrv.obj (.text:_HOSTwrite)
                  c0086aa0    000000c0                 : autoinit.obj (.text:__auto_init)
                  c0086b60    000000c0                 : _printfi.obj (.text:__div)
                  c0086c20    000000c0                 : divu.obj (.text:__divu)
                  c0086ce0    000000c0                 : fflush.obj (.text:__doflush)
                  c0086da0    000000c0                 : _io_perm.obj (.text:__rd_ok)
                  c0086e60    000000c0                 : exit.obj (.text:_exit)
                  c0086f20    000000c0                 : ltoa.obj (.text:_ltoa)
                  c0086fe0    000000a0                 : trgdrv.obj (.text:_HOSTclock)
                  c0087080    000000a0                 : trgdrv.obj (.text:_HOSTclose)
                  c0087120    000000a0                 : fopen.obj (.text:__cleanup)
                  c00871c0    000000a0                 : imath40.obj (.text:__divli)
                  c0087260    000000a0                 : _printfi.obj (.text:__ecpy)
                  c0087300    000000a0                 : _printfi.obj (.text:__fcpy)
                  c00873a0    000000a0                 : fixdli.obj (.text:__fixdli)
                  c0087440    000000a0                 : _printfi.obj (.text:__pconv_f)
                  c00874e0    000000a0                 : cpy_tbl.obj (.text:_copy_in)
                  c0087580    000000a0                 : lowlev.obj (.text:_finddevice)
                  c0087620    000000a0                 : lowlev.obj (.text:_lseek)
                  c00876c0    000000a0                 : memcpy64.obj (.text:_memcpy)
                  c0087760    000000a0                 : memory.obj (.text:_minsert)
                  c0087800    000000a0                 : memory.obj (.text:_mremove)
                  c00878a0    000000a0                 : lowlev.obj (.text:_read)
                  c0087940    000000a0                 : lowlev.obj (.text:_write)
                  c00879e0    00000080                 : fltlid.obj (.text:__fltlid)
                  c0087a60    00000080                 : llshift.obj (.text:__llshl)
                  c0087ae0    00000080                 : boot.obj (.text:_c_int00)
                  c0087b60    00000080                 : trgmsg.obj (.text:_readmsg)
                  c0087be0    00000080                 : lowlev.obj (.text:_unlink)
                  c0087c60    00000060     ImageDoubleExposure.obj (.text)
                  c0087cc0    00000060     rts6740.lib : cpp_init.obj (.text:___TI_cpp_init)
                  c0087d20    00000060                 : imath64.obj (.text:__subcull)
                  c0087d80    00000060                 : fclose.obj (.text:_fclose)
                  c0087de0    00000060                 : fopen.obj (.text:_fopen)
                  c0087e40    00000060                 : memccpy.obj (.text:_memccpy)
                  c0087ea0    00000060                 : sprintf.obj (.text:_sprintf)
                  c0087f00    00000060                 : lowlev.obj (.text:_tabinit)
                  c0087f60    00000060                 : trgmsg.obj (.text:_writemsg)
                  c0087fc0    00000040                 : isinf.obj (.text:___isinf)
                  c0088000    00000040                 : _printfi.obj (.text:___isnan)
                  c0088040    00000040                 : args_main.obj (.text:__args_main)
                  c0088080    00000040                 : frcmpyd_div.obj (.text:__frcmpyd_div)
                  c00880c0    00000040                 : llshift.obj (.text:__llshru)
                  c0088100    00000040                 : sprintf.obj (.text:__outs)
                  c0088140    00000040                 : imath40.obj (.text:__remli)
                  c0088180    00000020                 : negll.obj (.text:__negll)
                  c00881a0    00000020                 : _lock.obj (.text:__nop)
                  c00881c0    00000020                 : printf.obj (.text:__outc)
                  c00881e0    00000020                 : sprintf.obj (.text:__outc)
                  c0088200    00000020                 : printf.obj (.text:__outs)
                  c0088220    00000020                 : exit.obj (.text:_abort)
                  c0088240    00000020                 : clock.obj (.text:_clock)
                  c0088260    00000020                 : remove.obj (.text:_remove)

.stack     0    c0088280    00001000     UNINITIALIZED
                  c0088280    00000008     rts6740.lib : boot.obj (.stack)
                  c0088288    00000ff8     --HOLE--

.far       0    c0089280    000004a0     UNINITIALIZED
                  c0089280    00000324     rts6740.lib : defs.obj (.far)
                  c00895a4    00000004                 : fopen.obj (.far)
                  c00895a8    0000011c                 : lowlev.obj (.far)
                  c00896c4    00000038     main.obj (.far)
                  c00896fc    0000000c     rts6740.lib : exit.obj (.far)
                  c0089708    00000008                 : _lock.obj (.far)
                  c0089710    00000008                 : memory.obj (.far)
                  c0089718    00000008                 : trgdrv.obj (.far)

.const     0    c0089720    000003af     
                  c0089720    00000244     main.obj (.const:.string)
                  c0089964    00000002     rts6740.lib : fputs.obj (.const:.string)
                  c0089966    00000002     --HOLE-- [fill = 0]
                  c0089968    00000101                 : ctype.obj (.const:.string:__ctypes_)
                  c0089a69    00000003     --HOLE-- [fill = 0]
                  c0089a6c    00000040     DoubleExposureCore.obj (.const:.string)
                  c0089aac    00000023     rts6740.lib : _printfi.obj (.const:.string)

.cinit     0    c0089ad0    00000154     
                  c0089ad0    0000005c     rts6740.lib : defs.obj (.cinit)
                  c0089b2c    00000004     --HOLE-- [fill = 0]
                  c0089b30    0000005c                 : lowlev.obj (.cinit)
                  c0089b8c    00000004     --HOLE-- [fill = 0]
                  c0089b90    0000002c                 : exit.obj (.cinit)
                  c0089bbc    00000004     --HOLE-- [fill = 0]
                  c0089bc0    0000002c                 : memory.obj (.cinit)
                  c0089bec    00000004     --HOLE-- [fill = 0]
                  c0089bf0    0000001c                 : _lock.obj (.cinit)
                  c0089c0c    00000004     --HOLE-- [fill = 0]
                  c0089c10    0000000c                 : fopen.obj (.cinit)
                  c0089c1c    00000004     --HOLE-- [fill = 0]
                  c0089c20    00000004     (.pad.cinit) [fill = 0]

.cio       0    c0089c28    00000120     UNINITIALIZED
                  c0089c28    00000120     rts6740.lib : trgmsg.obj (.cio)

.bss       0    c0089d48    0000000c     UNINITIALIZED
                  c0089d48    0000000c     main.obj (.bss)


GLOBAL SYMBOLS: SORTED ALPHABETICALLY BY Name 

address    name
--------   ----
c0089d48   $bss
c0089d48   .bss
c0000000   .data
c0080000   .text
c0088220   C$$EXIT
c0087fb8   C$$IO$$
c0086fe0   _HOSTclock
c0087080   _HOSTclose
c0086200   _HOSTlseek
c0086400   _HOSTopen
c0086860   _HOSTread
c0085440   _HOSTrename
c0086920   _HOSTunlink
c00869e0   _HOSTwrite
c0089c28   __CIOBUF_
c0089280   __STACK_END
00001000   __STACK_SIZE
00080000   __SYSMEM_SIZE
00000001   __TI_args_main
c0087cc0   ___TI_cpp_init
c0089704   ___TI_enable_exit_profile_output
ffffffff   ___TI_pprof_out_hndl
ffffffff   ___TI_prof_data_size
ffffffff   ___TI_prof_data_start
ffffffff   ___binit__
c0089d48   ___bss__
ffffffff   ___c_args__
c0089ad0   ___cinit__
c0000000   ___data__
c0000000   ___edata__
c0089d54   ___end__
c0088280   ___etext__
c0087fc0   ___isinf
ffffffff   ___pinit__
c0080000   ___text__
c0088040   __args_main
c0086aa0   __auto_init
c0085b40   __buff_read
c0086c20   __c6xabi_divu
c0087120   __cleanup
c00896fc   __cleanup_ptr
c0085c60   __closefile
c0089968   __ctypes_
c0080c20   __divd
c00871c0   __divli
c0086c20   __divu
c00852a0   __divul
c0083da0   __divull
c0086ce0   __doflush
c0089700   __dtors_ptr
c00873a0   __fixdli
c00879e0   __fltlid
c0088080   __frcmpyd_div
c00895a0   __ft_end
c0089280   __ftable
c0087a60   __llshl
c00880c0   __llshru
c0089708   __lock
c0088180   __negll
c00881a0   __nop
c0082120   __printfi
c0086da0   __rd_ok
c0088140   __remli
c0088280   __stack
c0087d20   __subcull
c0000000   __sys_memory
c0089460   __tmpnams
c008970c   __unlock
c0086300   __wrt_ok
c0088220   _abort
c00864e0   _atoi
c0087ae0   _c_int00
c0088240   _clock
c00865c0   _close
c00874e0   _copy_in
c00896c4   _dblexp_create
c00896d4   _dblexp_frame
c00896ec   _dblexp_state
c0086e60   _exit
c0087d80   _fclose
c0087de0   _fopen
c0084900   _fputc
c00829a0   _fputs
c0083320   _fread
c0083b20   _free
c0085fc0   _fseek
c0081c60   _fwrite
c0089d50   _handle
c0087c60   _image_double_exposure
c0080900   _ljz_alg_create
c0080b88   _ljz_alg_destroy
c00807a8   _ljz_alg_process
c0087620   _lseek
c0086f20   _ltoa
c0081c08   _main
c00855c0   _malloc
c0087e40   _memccpy
c00876c0   _memcpy
c00866a0   _memset
c0085740   _open
c0089d48   _p_bmpFileHead
c0089d4c   _p_bmpInfoHead
c0084260   _pkRGB2plRGB
c0084378   _plRGB2pkRGB
c0086780   _printf
c0080000   _process_pixels_c
c00860e0   _process_pixels_dblexp_asm
c00801c8   _process_pixels_intrinsic
c0080640   _process_pixels_linear
c0081740   _process_single_image
c0084900   _putc
c00878a0   _read
c0087b60   _readmsg
c0088260   _remove
c0084d20   _setvbuf
c0087ea0   _sprintf
c0087be0   _unlink
c0087940   _write
c0087f60   _writemsg
ffffffff   binit
c0089ad0   cinit
c0000000   edata
c0089d54   end
c0088280   etext
ffffffff   pinit


GLOBAL SYMBOLS: SORTED BY Symbol Address 

address    name
--------   ----
00000001   __TI_args_main
00001000   __STACK_SIZE
00080000   __SYSMEM_SIZE
c0000000   .data
c0000000   ___data__
c0000000   ___edata__
c0000000   __sys_memory
c0000000   edata
c0080000   .text
c0080000   ___text__
c0080000   _process_pixels_c
c00801c8   _process_pixels_intrinsic
c0080640   _process_pixels_linear
c00807a8   _ljz_alg_process
c0080900   _ljz_alg_create
c0080b88   _ljz_alg_destroy
c0080c20   __divd
c0081740   _process_single_image
c0081c08   _main
c0081c60   _fwrite
c0082120   __printfi
c00829a0   _fputs
c0083320   _fread
c0083b20   _free
c0083da0   __divull
c0084260   _pkRGB2plRGB
c0084378   _plRGB2pkRGB
c0084900   _fputc
c0084900   _putc
c0084d20   _setvbuf
c00852a0   __divul
c0085440   _HOSTrename
c00855c0   _malloc
c0085740   _open
c0085b40   __buff_read
c0085c60   __closefile
c0085fc0   _fseek
c00860e0   _process_pixels_dblexp_asm
c0086200   _HOSTlseek
c0086300   __wrt_ok
c0086400   _HOSTopen
c00864e0   _atoi
c00865c0   _close
c00866a0   _memset
c0086780   _printf
c0086860   _HOSTread
c0086920   _HOSTunlink
c00869e0   _HOSTwrite
c0086aa0   __auto_init
c0086c20   __c6xabi_divu
c0086c20   __divu
c0086ce0   __doflush
c0086da0   __rd_ok
c0086e60   _exit
c0086f20   _ltoa
c0086fe0   _HOSTclock
c0087080   _HOSTclose
c0087120   __cleanup
c00871c0   __divli
c00873a0   __fixdli
c00874e0   _copy_in
c0087620   _lseek
c00876c0   _memcpy
c00878a0   _read
c0087940   _write
c00879e0   __fltlid
c0087a60   __llshl
c0087ae0   _c_int00
c0087b60   _readmsg
c0087be0   _unlink
c0087c60   _image_double_exposure
c0087cc0   ___TI_cpp_init
c0087d20   __subcull
c0087d80   _fclose
c0087de0   _fopen
c0087e40   _memccpy
c0087ea0   _sprintf
c0087f60   _writemsg
c0087fb8   C$$IO$$
c0087fc0   ___isinf
c0088040   __args_main
c0088080   __frcmpyd_div
c00880c0   __llshru
c0088140   __remli
c0088180   __negll
c00881a0   __nop
c0088220   C$$EXIT
c0088220   _abort
c0088240   _clock
c0088260   _remove
c0088280   ___etext__
c0088280   __stack
c0088280   etext
c0089280   __STACK_END
c0089280   __ftable
c0089460   __tmpnams
c00895a0   __ft_end
c00896c4   _dblexp_create
c00896d4   _dblexp_frame
c00896ec   _dblexp_state
c00896fc   __cleanup_ptr
c0089700   __dtors_ptr
c0089704   ___TI_enable_exit_profile_output
c0089708   __lock
c008970c   __unlock
c0089968   __ctypes_
c0089ad0   ___cinit__
c0089ad0   cinit
c0089c28   __CIOBUF_
c0089d48   $bss
c0089d48   .bss
c0089d48   ___bss__
c0089d48   _p_bmpFileHead
c0089d4c   _p_bmpInfoHead
c0089d50   _handle
c0089d54   ___end__
c0089d54   end
ffffffff   ___TI_pprof_out_hndl
ffffffff   ___TI_prof_data_size
ffffffff   ___TI_prof_data_start
ffffffff   ___binit__
ffffffff   ___c_args__
ffffffff   ___pinit__
ffffffff   binit
ffffffff   pinit

[125 symbols]
