******************************************************************************
               TMS320C6x Linker PC v7.4.4                      
******************************************************************************
>> Linked Sat May 17 22:49:26 2025

OUTPUT FILE NAME:   <Image_exposure.out>
ENTRY POINT SYMBOL: "_c_int00"  address: c0807ae0


MEMORY CONFIGURATION

         name            origin    length      used     unused   attr    fill
----------------------  --------  ---------  --------  --------  ----  --------
  DSPL2ROM              00700000   00100000  00000000  00100000  RWIX
  DSPL2RAM              00800000   00040000  00000000  00040000  RWIX
  DSPL1PRAM             00e00000   00008000  00000000  00008000  RWIX
  DSPL1DRAM             00f00000   00008000  00000000  00008000  RWIX
  SHDSPL2ROM            11700000   00100000  00000000  00100000  RWIX
  SHDSPL2RAM            11800000   00040000  00000000  00040000  RWIX
  SHDSPL1PRAM           11e00000   00008000  00000000  00008000  RWIX
  SHDSPL1DRAM           11f00000   00008000  00000000  00008000  RWIX
  EMIFACS0              40000000   20000000  00000000  20000000  RWIX
  EMIFACS2              60000000   02000000  00000000  02000000  RWIX
  EMIFACS3              62000000   02000000  00000000  02000000  RWIX
  EMIFACS4              64000000   02000000  00000000  02000000  RWIX
  EMIFACS5              66000000   02000000  00000000  02000000  RWIX
  SHRAM                 80000000   00020000  00000000  00020000  RWIX
  DDR2                  c0000000   20000000  00809d4f  1f7f62b1  RWIX


SECTION ALLOCATION MAP

 output                                  attributes/
section   page    origin      length       input sections
--------  ----  ----------  ----------   ----------------
.pinit     0    c0000000    00000000     UNINITIALIZED

.data      0    c0000000    00000000     UNINITIALIZED

.sysmem    0    c0000000    00800000     UNINITIALIZED
                  c0000000    00000008     rts6740.lib : memory.obj (.sysmem)
                  c0000008    007ffff8     --HOLE--

.text      0    c0800000    00008280     
                  c0800000    00000c20     DoubleExposureCore.obj (.text)
                  c0800c20    000005a0     rts6740.lib : divd.obj (.text:__divd)
                  c08011c0    00000580                 : _printfi.obj (.text:__getarg_diouxp)
                  c0801740    00000520     main.obj (.text)
                  c0801c60    000004c0     rts6740.lib : fwrite.obj (.text:_fwrite)
                  c0802120    00000440                 : _printfi.obj (.text:__printfi)
                  c0802560    00000440                 : _printfi.obj (.text:__setfield)
                  c08029a0    000003a0                 : fputs.obj (.text:_fputs)
                  c0802d40    00000320                 : _printfi.obj (.text:__pproc_fge)
                  c0803060    000002c0                 : _printfi.obj (.text:__pproc_fwp)
                  c0803320    000002c0                 : fread.obj (.text:_fread)
                  c08035e0    000002a0                 : _printfi.obj (.text:_ecvt)
                  c0803880    000002a0                 : _printfi.obj (.text:_fcvt)
                  c0803b20    00000280                 : memory.obj (.text:_free)
                  c0803da0    00000260                 : imath64.obj (.text:__divull)
                  c0804000    00000260                 : _printfi.obj (.text:__pconv_e)
                  c0804260    00000240     RGB2RGB.obj (.text)
                  c08044a0    00000240     rts6740.lib : _printfi.obj (.text:__pproc_diouxp)
                  c08046e0    00000220                 : _printfi.obj (.text:__pproc_str)
                  c0804900    00000220                 : fputc.obj (.text:_fputc)
                  c0804b20    00000200                 : _printfi.obj (.text:__pconv_g)
                  c0804d20    00000200                 : setvbuf.obj (.text:_setvbuf)
                  c0804f20    000001c0                 : _printfi.obj (.text:__mcpy)
                  c08050e0    000001c0                 : fopen.obj (.text:__openfile)
                  c08052a0    000001a0                 : imath40.obj (.text:__divul)
                  c0805440    00000180                 : trgdrv.obj (.text:_HOSTrename)
                  c08055c0    00000180                 : memory.obj (.text:_malloc)
                  c0805740    00000180                 : lowlev.obj (.text:_open)
                  c08058c0    00000140                 : _printfi.obj (.text:__pproc_fflags)
                  c0805a00    00000140                 : lowlev.obj (.text:_getdevice)
                  c0805b40    00000120                 : _bufread.obj (.text:__buff_read)
                  c0805c60    00000120                 : fclose.obj (.text:__closefile)
                  c0805d80    00000120                 : _printfi.obj (.text:__ltostr)
                  c0805ea0    00000120                 : fopen.obj (.text:__search_fp)
                  c0805fc0    00000120                 : fseek.obj (.text:_fseek)
                  c08060e0    00000120     process_pixels_dblexp_asm.obj (.text)
                  c0806200    00000100     rts6740.lib : trgdrv.obj (.text:_HOSTlseek)
                  c0806300    00000100                 : _io_perm.obj (.text:__wrt_ok)
                  c0806400    000000e0                 : trgdrv.obj (.text:_HOSTopen)
                  c08064e0    000000e0                 : atoi.obj (.text:_atoi)
                  c08065c0    000000e0                 : lowlev.obj (.text:_close)
                  c08066a0    000000e0                 : memset.obj (.text:_memset)
                  c0806780    000000e0                 : printf.obj (.text:_printf)
                  c0806860    000000c0                 : trgdrv.obj (.text:_HOSTread)
                  c0806920    000000c0                 : trgdrv.obj (.text:_HOSTunlink)
                  c08069e0    000000c0                 : trgdrv.obj (.text:_HOSTwrite)
                  c0806aa0    000000c0                 : autoinit.obj (.text:__auto_init)
                  c0806b60    000000c0                 : _printfi.obj (.text:__div)
                  c0806c20    000000c0                 : divu.obj (.text:__divu)
                  c0806ce0    000000c0                 : fflush.obj (.text:__doflush)
                  c0806da0    000000c0                 : _io_perm.obj (.text:__rd_ok)
                  c0806e60    000000c0                 : exit.obj (.text:_exit)
                  c0806f20    000000c0                 : ltoa.obj (.text:_ltoa)
                  c0806fe0    000000a0                 : trgdrv.obj (.text:_HOSTclock)
                  c0807080    000000a0                 : trgdrv.obj (.text:_HOSTclose)
                  c0807120    000000a0                 : fopen.obj (.text:__cleanup)
                  c08071c0    000000a0                 : imath40.obj (.text:__divli)
                  c0807260    000000a0                 : _printfi.obj (.text:__ecpy)
                  c0807300    000000a0                 : _printfi.obj (.text:__fcpy)
                  c08073a0    000000a0                 : fixdli.obj (.text:__fixdli)
                  c0807440    000000a0                 : _printfi.obj (.text:__pconv_f)
                  c08074e0    000000a0                 : cpy_tbl.obj (.text:_copy_in)
                  c0807580    000000a0                 : lowlev.obj (.text:_finddevice)
                  c0807620    000000a0                 : lowlev.obj (.text:_lseek)
                  c08076c0    000000a0                 : memcpy64.obj (.text:_memcpy)
                  c0807760    000000a0                 : memory.obj (.text:_minsert)
                  c0807800    000000a0                 : memory.obj (.text:_mremove)
                  c08078a0    000000a0                 : lowlev.obj (.text:_read)
                  c0807940    000000a0                 : lowlev.obj (.text:_write)
                  c08079e0    00000080                 : fltlid.obj (.text:__fltlid)
                  c0807a60    00000080                 : llshift.obj (.text:__llshl)
                  c0807ae0    00000080                 : boot.obj (.text:_c_int00)
                  c0807b60    00000080                 : trgmsg.obj (.text:_readmsg)
                  c0807be0    00000080                 : lowlev.obj (.text:_unlink)
                  c0807c60    00000060     ImageDoubleExposure.obj (.text)
                  c0807cc0    00000060     rts6740.lib : cpp_init.obj (.text:___TI_cpp_init)
                  c0807d20    00000060                 : imath64.obj (.text:__subcull)
                  c0807d80    00000060                 : fclose.obj (.text:_fclose)
                  c0807de0    00000060                 : fopen.obj (.text:_fopen)
                  c0807e40    00000060                 : memccpy.obj (.text:_memccpy)
                  c0807ea0    00000060                 : sprintf.obj (.text:_sprintf)
                  c0807f00    00000060                 : lowlev.obj (.text:_tabinit)
                  c0807f60    00000060                 : trgmsg.obj (.text:_writemsg)
                  c0807fc0    00000040                 : isinf.obj (.text:___isinf)
                  c0808000    00000040                 : _printfi.obj (.text:___isnan)
                  c0808040    00000040                 : args_main.obj (.text:__args_main)
                  c0808080    00000040                 : frcmpyd_div.obj (.text:__frcmpyd_div)
                  c08080c0    00000040                 : llshift.obj (.text:__llshru)
                  c0808100    00000040                 : sprintf.obj (.text:__outs)
                  c0808140    00000040                 : imath40.obj (.text:__remli)
                  c0808180    00000020                 : negll.obj (.text:__negll)
                  c08081a0    00000020                 : _lock.obj (.text:__nop)
                  c08081c0    00000020                 : printf.obj (.text:__outc)
                  c08081e0    00000020                 : sprintf.obj (.text:__outc)
                  c0808200    00000020                 : printf.obj (.text:__outs)
                  c0808220    00000020                 : exit.obj (.text:_abort)
                  c0808240    00000020                 : clock.obj (.text:_clock)
                  c0808260    00000020                 : remove.obj (.text:_remove)

.stack     0    c0808280    00001000     UNINITIALIZED
                  c0808280    00000008     rts6740.lib : boot.obj (.stack)
                  c0808288    00000ff8     --HOLE--

.far       0    c0809280    000004a0     UNINITIALIZED
                  c0809280    00000324     rts6740.lib : defs.obj (.far)
                  c08095a4    00000004                 : fopen.obj (.far)
                  c08095a8    0000011c                 : lowlev.obj (.far)
                  c08096c4    00000038     main.obj (.far)
                  c08096fc    0000000c     rts6740.lib : exit.obj (.far)
                  c0809708    00000008                 : _lock.obj (.far)
                  c0809710    00000008                 : memory.obj (.far)
                  c0809718    00000008                 : trgdrv.obj (.far)

.const     0    c0809720    000003af     
                  c0809720    00000244     main.obj (.const:.string)
                  c0809964    00000002     rts6740.lib : fputs.obj (.const:.string)
                  c0809966    00000002     --HOLE-- [fill = 0]
                  c0809968    00000101                 : ctype.obj (.const:.string:__ctypes_)
                  c0809a69    00000003     --HOLE-- [fill = 0]
                  c0809a6c    00000040     DoubleExposureCore.obj (.const:.string)
                  c0809aac    00000023     rts6740.lib : _printfi.obj (.const:.string)

.cinit     0    c0809ad0    00000154     
                  c0809ad0    0000005c     rts6740.lib : defs.obj (.cinit)
                  c0809b2c    00000004     --HOLE-- [fill = 0]
                  c0809b30    0000005c                 : lowlev.obj (.cinit)
                  c0809b8c    00000004     --HOLE-- [fill = 0]
                  c0809b90    0000002c                 : exit.obj (.cinit)
                  c0809bbc    00000004     --HOLE-- [fill = 0]
                  c0809bc0    0000002c                 : memory.obj (.cinit)
                  c0809bec    00000004     --HOLE-- [fill = 0]
                  c0809bf0    0000001c                 : _lock.obj (.cinit)
                  c0809c0c    00000004     --HOLE-- [fill = 0]
                  c0809c10    0000000c                 : fopen.obj (.cinit)
                  c0809c1c    00000004     --HOLE-- [fill = 0]
                  c0809c20    00000004     (.pad.cinit) [fill = 0]

.cio       0    c0809c28    00000120     UNINITIALIZED
                  c0809c28    00000120     rts6740.lib : trgmsg.obj (.cio)

.bss       0    c0809d48    0000000c     UNINITIALIZED
                  c0809d48    0000000c     main.obj (.bss)


GLOBAL SYMBOLS: SORTED ALPHABETICALLY BY Name 

address    name
--------   ----
c0809d48   $bss
c0809d48   .bss
c0000000   .data
c0800000   .text
c0808220   C$$EXIT
c0807fb8   C$$IO$$
c0806fe0   _HOSTclock
c0807080   _HOSTclose
c0806200   _HOSTlseek
c0806400   _HOSTopen
c0806860   _HOSTread
c0805440   _HOSTrename
c0806920   _HOSTunlink
c08069e0   _HOSTwrite
c0800900   _Nanwan_alg_create
c0800b88   _Nanwan_alg_destroy
c08007a8   _Nanwan_alg_process
c0809c28   __CIOBUF_
c0809280   __STACK_END
00001000   __STACK_SIZE
00800000   __SYSMEM_SIZE
00000001   __TI_args_main
c0807cc0   ___TI_cpp_init
c0809704   ___TI_enable_exit_profile_output
ffffffff   ___TI_pprof_out_hndl
ffffffff   ___TI_prof_data_size
ffffffff   ___TI_prof_data_start
ffffffff   ___binit__
c0809d48   ___bss__
ffffffff   ___c_args__
c0809ad0   ___cinit__
c0000000   ___data__
c0000000   ___edata__
c0809d54   ___end__
c0808280   ___etext__
c0807fc0   ___isinf
ffffffff   ___pinit__
c0800000   ___text__
c0808040   __args_main
c0806aa0   __auto_init
c0805b40   __buff_read
c0806c20   __c6xabi_divu
c0807120   __cleanup
c08096fc   __cleanup_ptr
c0805c60   __closefile
c0809968   __ctypes_
c0800c20   __divd
c08071c0   __divli
c0806c20   __divu
c08052a0   __divul
c0803da0   __divull
c0806ce0   __doflush
c0809700   __dtors_ptr
c08073a0   __fixdli
c08079e0   __fltlid
c0808080   __frcmpyd_div
c08095a0   __ft_end
c0809280   __ftable
c0807a60   __llshl
c08080c0   __llshru
c0809708   __lock
c0808180   __negll
c08081a0   __nop
c0802120   __printfi
c0806da0   __rd_ok
c0808140   __remli
c0808280   __stack
c0807d20   __subcull
c0000000   __sys_memory
c0809460   __tmpnams
c080970c   __unlock
c0806300   __wrt_ok
c0808220   _abort
c08064e0   _atoi
c0807ae0   _c_int00
c0808240   _clock
c08065c0   _close
c08074e0   _copy_in
c08096c4   _dblexp_create
c08096d4   _dblexp_frame
c08096ec   _dblexp_state
c0806e60   _exit
c0807d80   _fclose
c0807de0   _fopen
c0804900   _fputc
c08029a0   _fputs
c0803320   _fread
c0803b20   _free
c0805fc0   _fseek
c0801c60   _fwrite
c0809d50   _handle
c0807c60   _image_double_exposure
c0807620   _lseek
c0806f20   _ltoa
c0801c08   _main
c08055c0   _malloc
c0807e40   _memccpy
c08076c0   _memcpy
c08066a0   _memset
c0805740   _open
c0809d48   _p_bmpFileHead
c0809d4c   _p_bmpInfoHead
c0804260   _pkRGB2plRGB
c0804378   _plRGB2pkRGB
c0806780   _printf
c0800000   _process_pixels_c
c08060e0   _process_pixels_dblexp_asm
c08001c8   _process_pixels_intrinsic
c0800640   _process_pixels_linear
c0801740   _process_single_image
c0804900   _putc
c08078a0   _read
c0807b60   _readmsg
c0808260   _remove
c0804d20   _setvbuf
c0807ea0   _sprintf
c0807be0   _unlink
c0807940   _write
c0807f60   _writemsg
ffffffff   binit
c0809ad0   cinit
c0000000   edata
c0809d54   end
c0808280   etext
ffffffff   pinit


GLOBAL SYMBOLS: SORTED BY Symbol Address 

address    name
--------   ----
00000001   __TI_args_main
00001000   __STACK_SIZE
00800000   __SYSMEM_SIZE
c0000000   .data
c0000000   ___data__
c0000000   ___edata__
c0000000   __sys_memory
c0000000   edata
c0800000   .text
c0800000   ___text__
c0800000   _process_pixels_c
c08001c8   _process_pixels_intrinsic
c0800640   _process_pixels_linear
c08007a8   _Nanwan_alg_process
c0800900   _Nanwan_alg_create
c0800b88   _Nanwan_alg_destroy
c0800c20   __divd
c0801740   _process_single_image
c0801c08   _main
c0801c60   _fwrite
c0802120   __printfi
c08029a0   _fputs
c0803320   _fread
c0803b20   _free
c0803da0   __divull
c0804260   _pkRGB2plRGB
c0804378   _plRGB2pkRGB
c0804900   _fputc
c0804900   _putc
c0804d20   _setvbuf
c08052a0   __divul
c0805440   _HOSTrename
c08055c0   _malloc
c0805740   _open
c0805b40   __buff_read
c0805c60   __closefile
c0805fc0   _fseek
c08060e0   _process_pixels_dblexp_asm
c0806200   _HOSTlseek
c0806300   __wrt_ok
c0806400   _HOSTopen
c08064e0   _atoi
c08065c0   _close
c08066a0   _memset
c0806780   _printf
c0806860   _HOSTread
c0806920   _HOSTunlink
c08069e0   _HOSTwrite
c0806aa0   __auto_init
c0806c20   __c6xabi_divu
c0806c20   __divu
c0806ce0   __doflush
c0806da0   __rd_ok
c0806e60   _exit
c0806f20   _ltoa
c0806fe0   _HOSTclock
c0807080   _HOSTclose
c0807120   __cleanup
c08071c0   __divli
c08073a0   __fixdli
c08074e0   _copy_in
c0807620   _lseek
c08076c0   _memcpy
c08078a0   _read
c0807940   _write
c08079e0   __fltlid
c0807a60   __llshl
c0807ae0   _c_int00
c0807b60   _readmsg
c0807be0   _unlink
c0807c60   _image_double_exposure
c0807cc0   ___TI_cpp_init
c0807d20   __subcull
c0807d80   _fclose
c0807de0   _fopen
c0807e40   _memccpy
c0807ea0   _sprintf
c0807f60   _writemsg
c0807fb8   C$$IO$$
c0807fc0   ___isinf
c0808040   __args_main
c0808080   __frcmpyd_div
c08080c0   __llshru
c0808140   __remli
c0808180   __negll
c08081a0   __nop
c0808220   C$$EXIT
c0808220   _abort
c0808240   _clock
c0808260   _remove
c0808280   ___etext__
c0808280   __stack
c0808280   etext
c0809280   __STACK_END
c0809280   __ftable
c0809460   __tmpnams
c08095a0   __ft_end
c08096c4   _dblexp_create
c08096d4   _dblexp_frame
c08096ec   _dblexp_state
c08096fc   __cleanup_ptr
c0809700   __dtors_ptr
c0809704   ___TI_enable_exit_profile_output
c0809708   __lock
c080970c   __unlock
c0809968   __ctypes_
c0809ad0   ___cinit__
c0809ad0   cinit
c0809c28   __CIOBUF_
c0809d48   $bss
c0809d48   .bss
c0809d48   ___bss__
c0809d48   _p_bmpFileHead
c0809d4c   _p_bmpInfoHead
c0809d50   _handle
c0809d54   ___end__
c0809d54   end
ffffffff   ___TI_pprof_out_hndl
ffffffff   ___TI_prof_data_size
ffffffff   ___TI_prof_data_start
ffffffff   ___binit__
ffffffff   ___c_args__
ffffffff   ___pinit__
ffffffff   binit
ffffffff   pinit

[125 symbols]
